###############################################################################
#
# IAR ELF Linker V8.40.2.214/W32 for ARM                  18/Jan/2021  15:58:26
# Copyright 2007-2019 IAR Systems AB.
#
#    Output file  =
#        E:\DiskE\ThreadX_RTOS\stm32_ucshell_tx_demo\EWARM\RTT_Terminal\Exe\STM32ucshell_tx_demo.out
#    Map file     =
#        E:\DiskE\ThreadX_RTOS\stm32_ucshell_tx_demo\EWARM\RTT_Terminal\List\STM32ucshell_tx_demo.map
#    Command line =
#        -f C:\Users\Dell\AppData\Local\Temp\EW5701.tmp
#        (E:\DiskE\ThreadX_RTOS\IAROutFile\uart\crc.o
#        E:\DiskE\ThreadX_RTOS\IAROutFile\uart\dma.o
#        E:\DiskE\ThreadX_RTOS\IAROutFile\uart\gpio.o
#        E:\DiskE\ThreadX_RTOS\IAROutFile\uart\lib_ascii.o
#        E:\DiskE\ThreadX_RTOS\IAROutFile\uart\lib_math.o
#        E:\DiskE\ThreadX_RTOS\IAROutFile\uart\lib_mem.o
#        E:\DiskE\ThreadX_RTOS\IAROutFile\uart\lib_str.o
#        E:\DiskE\ThreadX_RTOS\IAROutFile\uart\main.o
#        E:\DiskE\ThreadX_RTOS\IAROutFile\uart\rtc.o
#        E:\DiskE\ThreadX_RTOS\stm32_ucshell_tx_demo\LibFile\SEGGER_RTT.a
#        E:\DiskE\ThreadX_RTOS\IAROutFile\uart\sh_shell.o
#        E:\DiskE\ThreadX_RTOS\IAROutFile\uart\shell.o
#        E:\DiskE\ThreadX_RTOS\IAROutFile\uart\startup_stm32f103xb.o
#        E:\DiskE\ThreadX_RTOS\IAROutFile\uart\stm32f1xx_hal_msp.o
#        E:\DiskE\ThreadX_RTOS\IAROutFile\uart\stm32f1xx_hal_timebase_tim.o
#        E:\DiskE\ThreadX_RTOS\IAROutFile\uart\stm32f1xx_it_user.o
#        E:\DiskE\ThreadX_RTOS\stm32_ucshell_tx_demo\LibFile\STM32Lib.a
#        E:\DiskE\ThreadX_RTOS\stm32_ucshell_tx_demo\LibFile\STM32uart_DMA.a
#        E:\DiskE\ThreadX_RTOS\IAROutFile\uart\terminal.o
#        E:\DiskE\ThreadX_RTOS\IAROutFile\uart\terminal_mode.o
#        E:\DiskE\ThreadX_RTOS\IAROutFile\uart\terminal_os.o
#        E:\DiskE\ThreadX_RTOS\IAROutFile\uart\terminal_RTT.o
#        E:\DiskE\ThreadX_RTOS\stm32_ucshell_tx_demo\LibFile\ThreadX.a
#        E:\DiskE\ThreadX_RTOS\IAROutFile\uart\tx_sample.o
#        E:\DiskE\ThreadX_RTOS\IAROutFile\uart\usart.o
#        E:\DiskE\ThreadX_RTOS\IAROutFile\uart\User_IRQ_handler.o
#        --no_out_extension -o
#        E:\DiskE\ThreadX_RTOS\stm32_ucshell_tx_demo\EWARM\RTT_Terminal\Exe\STM32ucshell_tx_demo.out
#        --redirect _Printf=_PrintfFullNoMb --redirect _Scanf=_ScanfFullNoMb
#        --map
#        E:\DiskE\ThreadX_RTOS\stm32_ucshell_tx_demo\EWARM\RTT_Terminal\List\STM32ucshell_tx_demo.map
#        --config
#        E:\DiskE\ThreadX_RTOS\stm32_ucshell_tx_demo\EWARM/stm32f103xb_flash.icf
#        --semihosting --entry __iar_program_start --vfe --text_out locale)
#
###############################################################################

*******************************************************************************
*** RUNTIME MODEL ATTRIBUTES
***

CppFlavor       = *
__SystemLibrary = DLib
__dlib_version  = 6


*******************************************************************************
*** HEAP SELECTION
***

The basic heap was selected because no calls to memory allocation
functions were found in the application outside of system library
functions, and there are calls to deallocation functions in the
application.


*******************************************************************************
*** PLACEMENT SUMMARY
***

"A0":  place at address 0x800'0000 { ro section .intvec };
"P1":  place in [from 0x800'0000 to 0x801'ffff] { ro };
define block CSTACK with size = 1K, alignment = 8 { };
define block HEAP with size = 512, alignment = 8 { };
"P2":  place in [from 0x2000'0000 to 0x2000'4fff] {
          rw, block CSTACK, block HEAP };
initialize by copy { rw };

  Section            Kind         Address    Size  Object
  -------            ----         -------    ----  ------
"A0":                                        0xec
  .intvec            ro code   0x800'0000    0xec  startup_stm32f103xb.o [1]
                             - 0x800'00ec    0xec

"P1":                                      0x5765
  .text              ro code   0x800'00ec   0x4f2  stm32f1xx_hal_rcc.o [3]
  .text              ro code   0x800'05de    0x3a  zero_init3.o [7]
  .text              ro code   0x800'0618     0xc  stm32f1xx_hal.o [3]
  .text              ro code   0x800'0624    0x78  stm32f1xx_hal_timebase_tim.o [1]
  .text              ro code   0x800'069c    0x98  stm32f1xx_hal_cortex.o [3]
  .text              ro code   0x800'0734   0x272  stm32f1xx_hal_tim.o [3]
  .text              ro code   0x800'09a6     0x2  stm32f1xx_hal_tim.o [3]
  .text              ro code   0x800'09a8     0x2  stm32f1xx_hal_tim.o [3]
  .text              ro code   0x800'09ac    0xdc  main.o [1]
  .text              ro code   0x800'0a88     0x2  stm32f1xx_hal_tim_ex.o [3]
  .text              ro code   0x800'0a8a     0x2  stm32f1xx_hal_tim.o [3]
  .text              ro code   0x800'0a8c     0x2  stm32f1xx_hal_tim_ex.o [3]
  .text              ro code   0x800'0a8e     0x2  stm32f1xx_hal_tim.o [3]
  .text              ro code   0x800'0a90    0x24  stm32f1xx_hal.o [3]
  .text              ro code   0x800'0ab4    0xa4  gpio.o [1]
  .text              ro code   0x800'0b58    0xf8  dma.o [1]
  .text              ro code   0x800'0c50    0x74  rtc.o [1]
  .text              ro code   0x800'0cc4   0x3d0  usart.o [1]
  .text              ro code   0x800'1094    0x48  crc.o [1]
  .text              ro code   0x800'10dc    0x48  tx_initialize_kernel_enter.o [5]
  .text              ro code   0x800'1124     0x6  ABImemclr4.o [7]
  .text              ro code   0x800'112c   0x1b2  stm32f1xx_hal_rcc_ex.o [3]
  .text              ro code   0x800'12e0    0x10  stm32f1xx_hal.o [3]
  .text              ro code   0x800'12f0   0x3fc  SEGGER_RTT_printf.o [2]
  .text              ro code   0x800'16ec    0x44  stm32f1xx_hal_msp.o [1]
  .text              ro code   0x800'1730    0x14  memset.o [7]
  .text              ro code   0x800'1744   0x1b4  stm32f1xx_hal_gpio.o [3]
  .text              ro code   0x800'18f8   0x13e  stm32f1xx_hal_rtc.o [3]
  .text              ro code   0x800'1a38    0x10  stm32f1xx_hal_pwr.o [3]
  .text              ro code   0x800'1a48   0x300  stm32f1xx_hal_uart.o [3]
  .text              ro code   0x800'1d48    0xe8  stm32f1xx_ll_gpio.o [3]
  .text              ro code   0x800'1e30    0xac  stm32f1xx_ll_usart.o [3]
  .text              ro code   0x800'1edc   0x264  stm32f1xx_hal_dma.o [3]
  .text              ro code   0x800'2140    0x20  stm32f1xx_hal_crc.o [3]
  .text              ro code   0x800'2160    0x74  tx_initialize_low_level.o [5]
  .text              ro code   0x800'21d4    0x24  tx_initialize_high_level.o [5]
  .text              ro code   0x800'21f8   0x158  tx_sample.o [1]
  .text              ro code   0x800'2350    0xac  tx_thread_schedule.o [5]
  .text              ro code   0x800'23fc    0x32  ABImemset48.o [7]
  .text              ro code   0x800'2430   0x394  SEGGER_RTT.o [2]
  .text              ro code   0x800'27c4    0x66  ABImemset.o [7]
  .text              ro code   0x800'282a     0x2  stm32f1xx_hal_uart.o [3]
  .text              ro code   0x800'282c     0x2  stm32f1xx_hal_uart.o [3]
  .text              ro code   0x800'282e     0x2  stm32f1xx_hal_uart.o [3]
  .text              ro code   0x800'2830    0xa0  stm32f1xx_ll_rcc.o [3]
  .text              ro code   0x800'28d0    0xe8  tx_timer_interrupt.o [5]
  .text              ro code   0x800'29b8    0x84  tx_thread_initialize.o [5]
  .text              ro code   0x800'2a3c    0xec  tx_timer_initialize.o [5]
  .text              ro code   0x800'2b28    0x18  tx_semaphore_initialize.o [5]
  .text              ro code   0x800'2b40    0x18  tx_queue_initialize.o [5]
  .text              ro code   0x800'2b58    0x18  tx_event_flags_initialize.o [5]
  .text              ro code   0x800'2b70    0x18  tx_block_pool_initialize.o [5]
  .text              ro code   0x800'2b88    0x18  tx_byte_pool_initialize.o [5]
  .text              ro code   0x800'2ba0    0x18  tx_mutex_initialize.o [5]
  .text              ro code   0x800'2bb8    0xd8  txe_byte_pool_create.o [5]
  .text              ro code   0x800'2c90    0xc0  txe_byte_allocate.o [5]
  .text              ro code   0x800'2d50   0x168  txe_thread_create.o [5]
  .text              ro code   0x800'2eb8   0x21c  shell.o [1]
  .text              ro code   0x800'30d4   0x138  sh_shell.o [1]
  .text              ro code   0x800'320c   0x150  terminal.o [1]
  .text              ro code   0x800'335c    0x9c  tx_thread_sleep.o [5]
  .text              ro code   0x800'33f8    0x18  strcpy.o [7]
  .text              ro code   0x800'3410    0xa6  ABImemcpy.o [7]
  .text              ro code   0x800'34b8    0x36  strlen.o [7]
  .text              ro code   0x800'34f0    0x24  tx_timer_expiration_process.o [5]
  .text              ro code   0x800'3514    0x68  tx_thread_time_slice.o [5]
  .text              ro code   0x800'357c    0x50  tx_misra.o [5]
  .text              ro code   0x800'35cc   0x148  tx_thread_create.o [5]
  .text              ro code   0x800'3714     0x8  tx_thread_interrupt_disable.o [5]
  .text              ro code   0x800'371c     0x6  tx_thread_interrupt_restore.o [5]
  .text              ro code   0x800'3724    0x28  tx_thread_system_preempt_check.o [5]
  .text              ro code   0x800'374c    0xe8  tx_byte_pool_create.o [5]
  .text              ro code   0x800'3834    0xf4  tx_byte_allocate.o [5]
  .text              ro code   0x800'3928    0xf8  lib_str.o [1]
  .text              ro code   0x800'3a20   0x128  terminal_RTT.o [1]
  .text              ro code   0x800'3b48    0x6c  terminal_os.o [1]
  .text              ro code   0x800'3bb4    0x42  lib_mem.o [1]
  .text              ro code   0x800'3bf8   0x284  terminal_mode.o [1]
  .text              ro code   0x800'3e7c   0x258  tx_thread_system_suspend.o [5]
  .text              ro code   0x800'40d4   0x108  tx_thread_system_resume.o [5]
  .text              ro code   0x800'41dc    0x44  tx_thread_stack_build.o [5]
  .text              ro code   0x800'4220    0x20  tx_thread_system_return.o [5]
  .text              ro code   0x800'4240   0x18c  tx_byte_pool_search.o [5]
  .text              ro code   0x800'43cc    0xc4  txe_semaphore_create.o [5]
  .text              ro code   0x800'4490    0xec  txe_timer_create.o [5]
  .text              ro code   0x800'457c    0x58  txe_semaphore_delete.o [5]
  .text              ro code   0x800'45d4    0x58  txe_timer_delete.o [5]
  .text              ro code   0x800'462c    0x20  txe_timer_activate.o [5]
  .text              ro code   0x800'464c    0x60  txe_semaphore_get.o [5]
  .text              ro code   0x800'46ac    0x20  txe_semaphore_put.o [5]
  .text              ro code   0x800'46cc    0x20  txe_timer_deactivate.o [5]
  .text              ro code   0x800'46ec    0x10  lib_ascii.o [1]
  .text              ro code   0x800'46fc    0x7c  tx_timer_system_activate.o [5]
  .text              ro code   0x800'4778    0x2e  tx_timer_system_deactivate.o [5]
  .text              ro code   0x800'47a8    0x58  tx_semaphore_create.o [5]
  .text              ro code   0x800'4800    0x84  tx_timer_create.o [5]
  .text              ro code   0x800'4884    0x98  tx_semaphore_delete.o [5]
  .text              ro code   0x800'491c    0x58  tx_timer_delete.o [5]
  .text              ro code   0x800'4974    0x32  tx_timer_activate.o [5]
  .text              ro code   0x800'49a8    0x9c  tx_semaphore_get.o [5]
  .text              ro code   0x800'4a44    0x78  tx_semaphore_put.o [5]
  .text              ro code   0x800'4abc   0x104  tx_timer_deactivate.o [5]
  .text              ro code   0x800'4bc0   0x25c  User_hal_dma.o [4]
  .text              ro code   0x800'4e1c   0x140  User_hal_uart.o [4]
  .rodata            const     0x800'4f5c   0x258  tx_sample.o [1]
  .text              ro code   0x800'51b4   0x144  tx_timer_thread_entry.o [5]
  .text              ro code   0x800'52f8    0x94  tx_byte_pool_cleanup.o [5]
  .text              ro code   0x800'538c    0x94  tx_semaphore_cleanup.o [5]
  .rodata            const     0x800'5420    0x84  sh_shell.o [1]
  .text              ro code   0x800'54a4    0x74  tx_thread_shell_entry.o [5]
  .text              ro code   0x800'5518    0x46  stm32f1xx_it_user.o [1]
  .text              ro code   0x800'5560    0x3e  stm32f1xx_hal_rtc_ex.o [3]
  .text              ro code   0x800'559e     0x2  stm32f1xx_hal_rtc_ex.o [3]
  .text              ro code   0x800'55a0     0x2  stm32f1xx_hal_rtc_ex.o [3]
  .text              ro code   0x800'55a4    0x44  tx_thread_timeout.o [5]
  .rodata            const     0x800'55e8    0x3c  main.o [1]
  .text              ro code   0x800'5624    0x38  packbits_init_single.o [7]
  .rodata            const     0x800'565c    0x2c  terminal_RTT.o [1]
  .text              ro code   0x800'5688    0x28  data_init.o [7]
  .iar.init_table    const     0x800'56b0    0x20  - Linker created -
  .text              ro code   0x800'56d0    0x20  User_IRQ_handler.o [1]
  .text              ro code   0x800'56f0    0x1e  cmain.o [7]
  .text              ro code   0x800'570e     0x4  low_level_init.o [6]
  .text              ro code   0x800'5712     0x4  exit.o [6]
  .text              ro code   0x800'5718     0xa  cexit.o [7]
  .text              ro code   0x800'5724    0x14  exit.o [8]
  .rodata            const     0x800'5738    0x14  tx_timer_initialize.o [5]
  .text              ro code   0x800'574c    0x14  system_stm32f1xx.o [3]
  .rodata            const     0x800'5760    0x10  SEGGER_RTT_printf.o [2]
  .text              ro code   0x800'5770    0x10  startup_stm32f103xb.o [1]
  .rodata            const     0x800'5780     0xc  SEGGER_RTT.o [2]
  .text              ro code   0x800'578c     0xc  cstartup_M.o [7]
  .rodata            const     0x800'5798     0x8  sh_shell.o [1]
  .rodata            const     0x800'57a0     0x8  system_stm32f1xx.o [3]
  .rodata            const     0x800'57a8     0x8  SEGGER_RTT.o [2]
  .text              ro code   0x800'57b0     0x4  startup_stm32f103xb.o [1]
  .text              ro code   0x800'57b4     0x4  startup_stm32f103xb.o [1]
  .text              ro code   0x800'57b8     0x4  startup_stm32f103xb.o [1]
  .text              ro code   0x800'57bc     0x4  startup_stm32f103xb.o [1]
  .text              ro code   0x800'57c0     0x4  startup_stm32f103xb.o [1]
  .text              ro code   0x800'57c4     0x4  startup_stm32f103xb.o [1]
  .text              ro code   0x800'57c8     0x4  startup_stm32f103xb.o [1]
  .text              ro code   0x800'57cc     0x4  startup_stm32f103xb.o [1]
  .text              ro code   0x800'57d0     0x4  startup_stm32f103xb.o [1]
  .text              ro code   0x800'57d4     0x4  startup_stm32f103xb.o [1]
  .text              ro code   0x800'57d8     0x4  startup_stm32f103xb.o [1]
  .text              ro code   0x800'57dc     0x4  startup_stm32f103xb.o [1]
  .text              ro code   0x800'57e0     0x4  startup_stm32f103xb.o [1]
  .text              ro code   0x800'57e4     0x4  startup_stm32f103xb.o [1]
  .text              ro code   0x800'57e8     0x4  startup_stm32f103xb.o [1]
  .text              ro code   0x800'57ec     0x4  startup_stm32f103xb.o [1]
  .text              ro code   0x800'57f0     0x4  startup_stm32f103xb.o [1]
  .text              ro code   0x800'57f4     0x4  startup_stm32f103xb.o [1]
  .text              ro code   0x800'57f8     0x4  startup_stm32f103xb.o [1]
  .text              ro code   0x800'57fc     0x4  startup_stm32f103xb.o [1]
  .text              ro code   0x800'5800     0x4  startup_stm32f103xb.o [1]
  .text              ro code   0x800'5804     0x4  startup_stm32f103xb.o [1]
  .text              ro code   0x800'5808     0x4  startup_stm32f103xb.o [1]
  .text              ro code   0x800'580c     0x4  startup_stm32f103xb.o [1]
  .text              ro code   0x800'5810     0x4  startup_stm32f103xb.o [1]
  .text              ro code   0x800'5814     0x4  startup_stm32f103xb.o [1]
  .text              ro code   0x800'5818     0x4  startup_stm32f103xb.o [1]
  .text              ro code   0x800'581c     0x4  startup_stm32f103xb.o [1]
  .text              ro code   0x800'5820     0x4  startup_stm32f103xb.o [1]
  .text              ro code   0x800'5824     0x4  startup_stm32f103xb.o [1]
  .text              ro code   0x800'5828     0x4  startup_stm32f103xb.o [1]
  .text              ro code   0x800'582c     0x4  startup_stm32f103xb.o [1]
  .rodata            const     0x800'5830     0x0  zero_init3.o [7]
  .rodata            const     0x800'5830     0x0  packbits_init_single.o [7]
  Initializer bytes  const     0x800'5830    0x21  <for P2-1>
                             - 0x800'5851  0x5765

"P2", part 1 of 3:                           0x2c
  P2-1                        0x2000'0000    0x2c  <Init block>
    .data            inited   0x2000'0000    0x10  sh_shell.o [1]
    .data            inited   0x2000'0010     0x8  terminal_mode.o [1]
    .data            inited   0x2000'0018     0xc  stm32f1xx_hal.o [3]
    .data            inited   0x2000'0024     0x4  system_stm32f1xx.o [3]
    .data            inited   0x2000'0028     0x4  tx_thread_initialize.o [5]
                            - 0x2000'002c    0x2c

"P2", part 2 of 3:                         0x32d8
  .bss               zero     0x2000'002c  0x2488  tx_sample.o [1]
  .bss               zero     0x2000'24b4   0x400  SEGGER_RTT.o [2]
  .bss               zero     0x2000'28b4   0x400  tx_timer_initialize.o [5]
  .bss               zero     0x2000'2cb4   0x110  usart.o [1]
  .bss               zero     0x2000'2dc4    0xb4  terminal_os.o [1]
  .bss               zero     0x2000'2e78    0xb4  tx_timer_initialize.o [5]
  .bss               zero     0x2000'2f2c    0xa8  SEGGER_RTT.o [2]
  .bss               zero     0x2000'2fd4    0x80  tx_thread_initialize.o [5]
  .bss               zero     0x2000'3054    0x80  tx_timer_initialize.o [5]
  .bss               zero     0x2000'30d4    0x50  terminal_RTT.o [1]
  .bss               zero     0x2000'3124    0x48  stm32f1xx_hal_timebase_tim.o [1]
  .bss               zero     0x2000'316c    0x44  shell.o [1]
  .bss               zero     0x2000'31b0    0x40  usart.o [1]
  .bss               zero     0x2000'31f0    0x40  usart.o [1]
  .bss               zero     0x2000'3230    0x14  rtc.o [1]
  .bss               zero     0x2000'3244    0x10  SEGGER_RTT.o [2]
  FREE_MEM           zero     0x2000'3254    0x10  tx_initialize_low_level.o [5]
  .bss               zero     0x2000'3264     0x8  crc.o [1]
  .bss               zero     0x2000'326c     0x4  tx_sample.o [1]
  .bss               zero     0x2000'3270     0x4  tx_initialize_high_level.o [5]
  .bss               zero     0x2000'3274     0x4  tx_thread_initialize.o [5]
  .bss               zero     0x2000'3278     0x4  tx_thread_initialize.o [5]
  .bss               zero     0x2000'327c     0x4  tx_thread_initialize.o [5]
  .bss               zero     0x2000'3280     0x4  tx_thread_initialize.o [5]
  .bss               zero     0x2000'3284     0x4  tx_thread_initialize.o [5]
  .bss               zero     0x2000'3288     0x4  tx_thread_initialize.o [5]
  .bss               zero     0x2000'328c     0x4  tx_thread_initialize.o [5]
  .bss               zero     0x2000'3290     0x4  tx_thread_initialize.o [5]
  .bss               zero     0x2000'3294     0x4  tx_thread_initialize.o [5]
  .bss               zero     0x2000'3298     0x4  tx_thread_initialize.o [5]
  .bss               zero     0x2000'329c     0x4  tx_thread_initialize.o [5]
  .bss               zero     0x2000'32a0     0x4  tx_timer_initialize.o [5]
  .bss               zero     0x2000'32a4     0x4  tx_timer_initialize.o [5]
  .bss               zero     0x2000'32a8     0x4  tx_timer_initialize.o [5]
  .bss               zero     0x2000'32ac     0x4  tx_timer_initialize.o [5]
  .bss               zero     0x2000'32b0     0x4  tx_timer_initialize.o [5]
  .bss               zero     0x2000'32b4     0x4  tx_timer_initialize.o [5]
  .bss               zero     0x2000'32b8     0x4  tx_timer_initialize.o [5]
  .bss               zero     0x2000'32bc     0x4  tx_timer_initialize.o [5]
  .bss               zero     0x2000'32c0     0x4  tx_timer_initialize.o [5]
  .bss               zero     0x2000'32c4     0x4  tx_timer_initialize.o [5]
  .bss               zero     0x2000'32c8     0x4  tx_timer_initialize.o [5]
  .bss               zero     0x2000'32cc     0x4  tx_timer_initialize.o [5]
  .bss               zero     0x2000'32d0     0x4  tx_timer_initialize.o [5]
  .bss               zero     0x2000'32d4     0x4  tx_semaphore_initialize.o [5]
  .bss               zero     0x2000'32d8     0x4  tx_semaphore_initialize.o [5]
  .bss               zero     0x2000'32dc     0x4  tx_byte_pool_initialize.o [5]
  .bss               zero     0x2000'32e0     0x4  tx_byte_pool_initialize.o [5]
  .bss               zero     0x2000'32e4     0x4  tx_block_pool_initialize.o [5]
  .bss               zero     0x2000'32e8     0x4  tx_block_pool_initialize.o [5]
  .bss               zero     0x2000'32ec     0x4  tx_event_flags_initialize.o [5]
  .bss               zero     0x2000'32f0     0x4  tx_event_flags_initialize.o [5]
  .bss               zero     0x2000'32f4     0x4  tx_mutex_initialize.o [5]
  .bss               zero     0x2000'32f8     0x4  tx_mutex_initialize.o [5]
  .bss               zero     0x2000'32fc     0x4  tx_queue_initialize.o [5]
  .bss               zero     0x2000'3300     0x4  tx_queue_initialize.o [5]
                            - 0x2000'3304  0x32d8

"P2", part 3 of 3:                          0x400
  CSTACK                      0x2000'3308   0x400  <Block>
    CSTACK           uninit   0x2000'3308   0x400  <Block tail>
                            - 0x2000'3708   0x400

Unused ranges:

         From           To      Size
         ----           --      ----
   0x800'5851   0x801'ffff  0x1'a7af
  0x2000'3304  0x2000'3307       0x4
  0x2000'3708  0x2000'4fff    0x18f8


*******************************************************************************
*** INIT TABLE
***

          Address      Size
          -------      ----
Zero (__iar_zero_init3)
    1 destination range, total size 0x32d8:
          0x2000'002c  0x32d8

Copy/packbits (__iar_packbits_init_single3)
    1 source range, total size 0x21 (75% of destination):
           0x800'5830    0x21
    1 destination range, total size 0x2c:
          0x2000'0000    0x2c



*******************************************************************************
*** MODULE SUMMARY
***

    Module                            ro code  ro data  rw data
    ------                            -------  -------  -------
command line/config:
    -----------------------------------------------------------
    Total:

E:\DiskE\ThreadX_RTOS\IAROutFile\uart: [1]
    User_IRQ_handler.o                     32
    crc.o                                  72                 8
    dma.o                                 248
    gpio.o                                164
    lib_ascii.o                            16
    lib_mem.o                              66
    lib_str.o                             248
    main.o                                220       60
    rtc.o                                 116                20
    sh_shell.o                            312      152       16
    shell.o                               540                68
    startup_stm32f103xb.o                 380
    stm32f1xx_hal_msp.o                    68
    stm32f1xx_hal_timebase_tim.o          120                72
    stm32f1xx_it_user.o                    70
    terminal.o                            336
    terminal_RTT.o                        296       44       80
    terminal_mode.o                       644        6        8
    terminal_os.o                         108               180
    tx_sample.o                           344      600    9'356
    usart.o                               976               400
    -----------------------------------------------------------
    Total:                              5'376      862   10'208

SEGGER_RTT.a: [2]
    SEGGER_RTT.o                          916       20    1'208
    SEGGER_RTT_printf.o                 1'020       16
    -----------------------------------------------------------
    Total:                              1'936       36    1'208

STM32Lib.a: [3]
    stm32f1xx_hal.o                        64        9       12
    stm32f1xx_hal_cortex.o                152
    stm32f1xx_hal_crc.o                    32
    stm32f1xx_hal_dma.o                   612
    stm32f1xx_hal_gpio.o                  436
    stm32f1xx_hal_pwr.o                    16
    stm32f1xx_hal_rcc.o                 1'266
    stm32f1xx_hal_rcc_ex.o                434
    stm32f1xx_hal_rtc.o                   318
    stm32f1xx_hal_rtc_ex.o                 66
    stm32f1xx_hal_tim.o                   634
    stm32f1xx_hal_tim_ex.o                  4
    stm32f1xx_hal_uart.o                  774
    stm32f1xx_ll_gpio.o                   232
    stm32f1xx_ll_rcc.o                    160
    stm32f1xx_ll_usart.o                  172
    system_stm32f1xx.o                     20       11        4
    -----------------------------------------------------------
    Total:                              5'392       20       16

STM32uart_DMA.a: [4]
    User_hal_dma.o                        604
    User_hal_uart.o                       320
    -----------------------------------------------------------
    Total:                                924

ThreadX.a: [5]
    tx_block_pool_initialize.o             24                 8
    tx_byte_allocate.o                    244
    tx_byte_pool_cleanup.o                148
    tx_byte_pool_create.o                 232
    tx_byte_pool_initialize.o              24                 8
    tx_byte_pool_search.o                 396
    tx_event_flags_initialize.o            24                 8
    tx_initialize_high_level.o             36                 4
    tx_initialize_kernel_enter.o           72
    tx_initialize_low_level.o             116                16
    tx_misra.o                             80
    tx_mutex_initialize.o                  24                 8
    tx_queue_initialize.o                  24                 8
    tx_semaphore_cleanup.o                148
    tx_semaphore_create.o                  88
    tx_semaphore_delete.o                 152
    tx_semaphore_get.o                    156
    tx_semaphore_initialize.o              24                 8
    tx_semaphore_put.o                    120
    tx_thread_create.o                    328
    tx_thread_initialize.o                132        3      176
    tx_thread_interrupt_disable.o           8
    tx_thread_interrupt_restore.o           6
    tx_thread_schedule.o                  172
    tx_thread_shell_entry.o               116
    tx_thread_sleep.o                     156
    tx_thread_stack_build.o                68
    tx_thread_system_preempt_check.o       40
    tx_thread_system_resume.o             264
    tx_thread_system_return.o              32
    tx_thread_system_suspend.o            600
    tx_thread_time_slice.o                104
    tx_thread_timeout.o                    68
    tx_timer_activate.o                    50
    tx_timer_create.o                     132
    tx_timer_deactivate.o                 260
    tx_timer_delete.o                      88
    tx_timer_expiration_process.o          36
    tx_timer_initialize.o                 236       20    1'384
    tx_timer_interrupt.o                  232
    tx_timer_system_activate.o            124
    tx_timer_system_deactivate.o           46
    tx_timer_thread_entry.o               324
    txe_byte_allocate.o                   192
    txe_byte_pool_create.o                216
    txe_semaphore_create.o                196
    txe_semaphore_delete.o                 88
    txe_semaphore_get.o                    96
    txe_semaphore_put.o                    32
    txe_thread_create.o                   360
    txe_timer_activate.o                   32
    txe_timer_create.o                    236
    txe_timer_deactivate.o                 32
    txe_timer_delete.o                     88
    -----------------------------------------------------------
    Total:                              7'322       23    1'628

dl7M_tlf.a: [6]
    exit.o                                  4
    low_level_init.o                        4
    -----------------------------------------------------------
    Total:                                  8

rt7M_tl.a: [7]
    ABImemclr4.o                            6
    ABImemcpy.o                           166
    ABImemset.o                           102
    ABImemset48.o                          50
    cexit.o                                10
    cmain.o                                30
    cstartup_M.o                           12
    data_init.o                            40
    memset.o                               20
    packbits_init_single.o                 56
    strcpy.o                               24
    strlen.o                               54
    zero_init3.o                           58
    -----------------------------------------------------------
    Total:                                628

shb_l.a: [8]
    exit.o                                 20
    -----------------------------------------------------------
    Total:                                 20

    Gaps                                   30
    Linker created                                  32    1'024
---------------------------------------------------------------
    Grand Total:                       21'636      973   14'084


*******************************************************************************
*** ENTRY LIST
***

Entry                       Address    Size  Type      Object
-----                       -------    ----  ----      ------
.iar.init_table$$Base    0x800'56b0           --   Gb  - Linker created -
.iar.init_table$$Limit   0x800'56d0           --   Gb  - Linker created -
?main                    0x800'56f1          Code  Gb  cmain.o [7]
AHBPrescTable            0x800'5750    0x10  Data  Gb  system_stm32f1xx.o [3]
APBPrescTable            0x800'57a0     0x8  Data  Gb  system_stm32f1xx.o [3]
ASCII_IsPrint            0x800'46f7     0x6  Code  Gb  lib_ascii.o [1]
BusFault_Handler         0x800'551f     0x2  Code  Gb  stm32f1xx_it_user.o [1]
CHANNEL_OFFSET_TAB       0x800'108c     0x8  Data  Lc  usart.o [1]
CSTACK$$Base            0x2000'3308           --   Gb  - Linker created -
CSTACK$$Limit           0x2000'3708           --   Gb  - Linker created -
DMA1_Channel2_IRQHandler
                         0x800'552d     0x2  Code  Gb  stm32f1xx_it_user.o [1]
DMA1_Channel3_IRQHandler
                         0x800'552f     0x2  Code  Gb  stm32f1xx_it_user.o [1]
DMA1_Channel4_IRQHandler
                         0x800'56d1     0x6  Code  Gb  User_IRQ_handler.o [1]
DMA1_Channel5_IRQHandler
                         0x800'56d7     0x6  Code  Gb  User_IRQ_handler.o [1]
DMA1_Channel6_IRQHandler
                         0x800'5531     0x6  Code  Gb  stm32f1xx_it_user.o [1]
DMA1_Channel7_IRQHandler
                         0x800'5537     0x6  Code  Gb  stm32f1xx_it_user.o [1]
DebugMon_Handler         0x800'5525     0x2  Code  Gb  stm32f1xx_it_user.o [1]
Error_Handler            0x800'0a71     0xe  Code  Gb  main.o [1]
HAL_CRC_Init             0x800'2141    0x20  Code  Gb  stm32f1xx_hal_crc.o [3]
HAL_CRC_MspInit          0x800'10ad    0x22  Code  Gb  crc.o [1]
HAL_DMA_Abort_IT         0x800'1f37    0x94  Code  Gb  stm32f1xx_hal_dma.o [3]
HAL_DMA_IRQHandler       0x800'1fd7   0x144  Code  Gb  stm32f1xx_hal_dma.o [3]
HAL_DMA_Init             0x800'1edd    0x5a  Code  Gb  stm32f1xx_hal_dma.o [3]
HAL_DMA_Rx_IRQHandler    0x800'4bc1    0xfe  Code  Gb  User_hal_dma.o [4]
HAL_DMA_Tx_IRQHandler    0x800'4cbf    0xbc  Code  Gb  User_hal_dma.o [4]
HAL_GPIO_Init            0x800'1745   0x180  Code  Gb  stm32f1xx_hal_gpio.o [3]
HAL_GetTick              0x800'0619     0xc  Code  Wk  stm32f1xx_hal.o [3]
HAL_IncTick              0x800'12e1    0x10  Code  Wk  stm32f1xx_hal.o [3]
HAL_Init                 0x800'0a91    0x20  Code  Gb  stm32f1xx_hal.o [3]
HAL_InitTick             0x800'0625    0x68  Code  Gb  stm32f1xx_hal_timebase_tim.o [1]
HAL_MspInit              0x800'16ed    0x44  Code  Gb  stm32f1xx_hal_msp.o [1]
HAL_NVIC_EnableIRQ       0x800'070b    0x16  Code  Gb  stm32f1xx_hal_cortex.o [3]
HAL_NVIC_SetPriority     0x800'06d1    0x3a  Code  Gb  stm32f1xx_hal_cortex.o [3]
HAL_NVIC_SetPriorityGrouping
                         0x800'06b7    0x1a  Code  Gb  stm32f1xx_hal_cortex.o [3]
HAL_PWR_EnableBkUpAccess
                         0x800'1a39     0x4  Code  Gb  stm32f1xx_hal_pwr.o [3]
HAL_RCCEx_GetPeriphCLKFreq
                         0x800'1209    0xac  Code  Gb  stm32f1xx_hal_rcc_ex.o [3]
HAL_RCCEx_GetPeriphCLKFreq::aPLLMULFactorTable
                         0x800'12cc    0x10  Data  Lc  stm32f1xx_hal_rcc_ex.o [3]
HAL_RCCEx_GetPeriphCLKFreq::aPredivFactorTable
                         0x800'12dc     0x2  Data  Lc  stm32f1xx_hal_rcc_ex.o [3]
HAL_RCCEx_PeriphCLKConfig
                         0x800'112d    0xda  Code  Gb  stm32f1xx_hal_rcc_ex.o [3]
HAL_RCC_ClockConfig      0x800'0401    0xf4  Code  Gb  stm32f1xx_hal_rcc.o [3]
HAL_RCC_GetClockConfig   0x800'0567    0x36  Code  Gb  stm32f1xx_hal_rcc.o [3]
HAL_RCC_GetPCLK1Freq     0x800'0543    0x10  Code  Gb  stm32f1xx_hal_rcc.o [3]
HAL_RCC_GetPCLK2Freq     0x800'0553     0xe  Code  Gb  stm32f1xx_hal_rcc.o [3]
HAL_RCC_GetSysClockFreq
                         0x800'0509    0x3a  Code  Gb  stm32f1xx_hal_rcc.o [3]
HAL_RCC_GetSysClockFreq::aPLLMULFactorTable
                         0x800'05cc    0x10  Data  Lc  stm32f1xx_hal_rcc.o [3]
HAL_RCC_GetSysClockFreq::aPredivFactorTable
                         0x800'05dc     0x2  Data  Lc  stm32f1xx_hal_rcc.o [3]
HAL_RCC_OscConfig        0x800'00ed   0x30c  Code  Gb  stm32f1xx_hal_rcc.o [3]
HAL_RTCEx_RTCIRQHandler
                         0x800'5561    0x3e  Code  Gb  stm32f1xx_hal_rtc_ex.o [3]
HAL_RTC_Init             0x800'18f9    0x98  Code  Gb  stm32f1xx_hal_rtc.o [3]
HAL_RTC_MspInit          0x800'0c75    0x3e  Code  Gb  rtc.o [1]
HAL_RTC_WaitForSynchro   0x800'1995    0x2e  Code  Gb  stm32f1xx_hal_rtc.o [3]
HAL_TIMEx_BreakCallback
                         0x800'0a89     0x2  Code  Wk  stm32f1xx_hal_tim_ex.o [3]
HAL_TIMEx_CommutCallback
                         0x800'0a8d     0x2  Code  Wk  stm32f1xx_hal_tim_ex.o [3]
HAL_TIM_Base_Init        0x800'0735    0x1a  Code  Gb  stm32f1xx_hal_tim.o [3]
HAL_TIM_Base_Start_IT    0x800'074f    0x5c  Code  Gb  stm32f1xx_hal_tim.o [3]
HAL_TIM_IRQHandler       0x800'07ed   0x142  Code  Gb  stm32f1xx_hal_tim.o [3]
HAL_TIM_PeriodElapsedCallback
                         0x800'0a63     0xe  Code  Gb  main.o [1]
HAL_UART1_IRQHandler     0x800'4e1d    0xb8  Code  Gb  User_hal_uart.o [4]
HAL_UART_IRQHandler      0x800'1acb   0x152  Code  Gb  stm32f1xx_hal_uart.o [3]
HAL_UART_Init            0x800'1a49    0x1e  Code  Gb  stm32f1xx_hal_uart.o [3]
HAL_UART_MspInit         0x800'0ec1   0x150  Code  Gb  usart.o [1]
HardFault_Handler        0x800'551b     0x2  Code  Gb  stm32f1xx_it_user.o [1]
LL_DMA_SetChannelPriorityLevel
                         0x800'0d31     0xc  Code  Lc  usart.o [1]
LL_DMA_SetDataTransferDirection
                         0x800'0cc5    0x1c  Code  Lc  usart.o [1]
LL_DMA_SetMemoryIncMode
                         0x800'0cfd     0xc  Code  Lc  usart.o [1]
LL_DMA_SetMemorySize     0x800'0d25     0xc  Code  Lc  usart.o [1]
LL_DMA_SetMode           0x800'0ce1     0xc  Code  Lc  usart.o [1]
LL_DMA_SetPeriphIncMode
                         0x800'0ced     0xa  Code  Lc  usart.o [1]
LL_DMA_SetPeriphSize     0x800'0d09     0xc  Code  Lc  usart.o [1]
LL_GPIO_Init             0x800'1d49    0xd8  Code  Gb  stm32f1xx_ll_gpio.o [3]
LL_RCC_GetSystemClocksFreq
                         0x800'2831    0x20  Code  Gb  stm32f1xx_ll_rcc.o [3]
LL_USART_Init            0x800'1e31    0x98  Code  Gb  stm32f1xx_ll_usart.o [3]
MX_CRC_Init              0x800'1095    0x18  Code  Gb  crc.o [1]
MX_DMA_Init              0x800'0ba5    0x96  Code  Gb  dma.o [1]
MX_GPIO_Init             0x800'0ab5    0xa4  Code  Gb  gpio.o [1]
MX_RTC_Init              0x800'0c51    0x24  Code  Gb  rtc.o [1]
MX_USART1_UART_Init      0x800'0d3d    0x10  Code  Gb  usart.o [1]
MX_USART2_UART_Init      0x800'0d4d    0x10  Code  Gb  usart.o [1]
MX_USART3_UART_Init      0x800'0d81   0x130  Code  Gb  usart.o [1]
MemManage_Handler        0x800'551d     0x2  Code  Gb  stm32f1xx_it_user.o [1]
Mem_Set                  0x800'3bb5    0x42  Code  Gb  lib_mem.o [1]
NMI_Handler              0x800'5519     0x2  Code  Gb  stm32f1xx_it_user.o [1]
NVIC_EncodePriority      0x800'0b73    0x32  Code  Lc  dma.o [1]
PendSV_Handler           0x800'2371          Code  Gb  tx_thread_schedule.o [5]
RCC_GetHCLKClockFreq     0x800'2865     0xc  Code  Gb  stm32f1xx_ll_rcc.o [3]
RCC_GetPCLK1ClockFreq    0x800'2871     0xa  Code  Gb  stm32f1xx_ll_rcc.o [3]
RCC_GetPCLK2ClockFreq    0x800'2881     0xc  Code  Gb  stm32f1xx_ll_rcc.o [3]
RCC_GetSystemClockFreq   0x800'2851    0x14  Code  Gb  stm32f1xx_ll_rcc.o [3]
RCC_PLL_GetFreqDomain_SYS
                         0x800'288d    0x2c  Code  Gb  stm32f1xx_ll_rcc.o [3]
RTC_EnterInitMode        0x800'19d3    0x2c  Code  Lc  stm32f1xx_hal_rtc.o [3]
RTC_ExitInitMode         0x800'1a09    0x2e  Code  Lc  stm32f1xx_hal_rtc.o [3]
RTC_IRQHandler           0x800'5527     0x6  Code  Gb  stm32f1xx_it_user.o [1]
Region$$Table$$Base      0x800'56b0           --   Gb  - Linker created -
Region$$Table$$Limit     0x800'56d0           --   Gb  - Linker created -
SEGGER_RTT_ConfigUpBuffer
                         0x800'2735    0x7c  Code  Gb  SEGGER_RTT.o [2]
SEGGER_RTT_GetKey        0x800'26f3    0x1c  Code  Gb  SEGGER_RTT.o [2]
SEGGER_RTT_HasKey        0x800'270f    0x26  Code  Gb  SEGGER_RTT.o [2]
SEGGER_RTT_Read          0x800'2629    0x16  Code  Gb  SEGGER_RTT.o [2]
SEGGER_RTT_ReadNoLock    0x800'257f    0xa4  Code  Gb  SEGGER_RTT.o [2]
SEGGER_RTT_Write         0x800'26ab    0x30  Code  Gb  SEGGER_RTT.o [2]
SEGGER_RTT_WriteNoLock   0x800'263f    0x6c  Code  Gb  SEGGER_RTT.o [2]
SEGGER_RTT_WriteString   0x800'26db    0x18  Code  Gb  SEGGER_RTT.o [2]
SEGGER_RTT_printf        0x800'16d9    0x14  Code  Gb  SEGGER_RTT_printf.o [2]
SEGGER_RTT_vprintf       0x800'14e7   0x1f2  Code  Gb  SEGGER_RTT_printf.o [2]
SVC_Handler              0x800'5523     0x2  Code  Gb  stm32f1xx_it_user.o [1]
ShShell_CmdTbl          0x2000'0000    0x10  Data  Lc  sh_shell.o [1]
ShShell_Init             0x800'30d5    0x18  Code  Gb  sh_shell.o [1]
ShShell_help             0x800'30ed    0xe0  Code  Lc  sh_shell.o [1]
Shell_CmdTblAdd          0x800'2fe5    0x90  Code  Gb  shell.o [1]
Shell_Exec               0x800'2ee9    0xfc  Code  Gb  shell.o [1]
Shell_Init               0x800'2eb9    0x30  Code  Gb  shell.o [1]
Shell_ModuleCmdClr       0x800'30b7    0x14  Code  Lc  shell.o [1]
Shell_ModuleCmdFreePoolPtr
                        0x2000'3170     0x4  Data  Gb  shell.o [1]
Shell_ModuleCmdNameGet   0x800'3075    0x42  Code  Lc  shell.o [1]
Shell_ModuleCmdTbl      0x2000'3174    0x3c  Data  Gb  shell.o [1]
Shell_ModuleCmdUsedPoolPtr
                        0x2000'316c     0x4  Data  Gb  shell.o [1]
Str_Cat                  0x800'3975     0x4  Code  Gb  lib_str.o [1]
Str_Cat_N                0x800'3979    0x36  Code  Gb  lib_str.o [1]
Str_Cmp                  0x800'39bd     0x4  Code  Gb  lib_str.o [1]
Str_Cmp_N                0x800'39c1    0x60  Code  Gb  lib_str.o [1]
Str_Copy                 0x800'3943     0x4  Code  Gb  lib_str.o [1]
Str_Copy_N               0x800'3947    0x2e  Code  Gb  lib_str.o [1]
Str_Len                  0x800'3929     0x4  Code  Gb  lib_str.o [1]
Str_Len_N                0x800'392d    0x16  Code  Gb  lib_str.o [1]
SysTick_Handler          0x800'21a7          Code  Gb  tx_initialize_low_level.o [5]
SystemClock_Config       0x800'09d9    0x8a  Code  Gb  main.o [1]
SystemCoreClock         0x2000'0024     0x4  Data  Gb  system_stm32f1xx.o [3]
SystemInit               0x800'574d     0x2  Code  Gb  system_stm32f1xx.o [3]
TIM4_IRQHandler          0x800'553d     0x6  Code  Gb  stm32f1xx_it_user.o [1]
TIM_Base_SetConfig       0x800'0935    0x5e  Code  Gb  stm32f1xx_hal_tim.o [3]
TerminalMode_Clr         0x800'3e1f    0x2e  Code  Gb  terminal_mode.o [1]
TerminalMode_NewLine     0x800'3e4d     0x8  Code  Gb  terminal_mode.o [1]
TerminalMode_Prompt      0x800'3e69     0xa  Code  Gb  terminal_mode.o [1]
TerminalMode_RdLine      0x800'3bf9   0x220  Code  Gb  terminal_mode.o [1]
TerminalSerial_Exit      0x800'3a67    0x1e  Code  Gb  terminal_RTT.o [1]
TerminalSerial_Init      0x800'3a21    0x46  Code  Gb  terminal_RTT.o [1]
TerminalSerial_RdByte    0x800'3a97    0x42  Code  Gb  terminal_RTT.o [1]
TerminalSerial_Wr        0x800'3a85    0x12  Code  Gb  terminal_RTT.o [1]
TerminalSerial_WrByte    0x800'3ad9     0xe  Code  Gb  terminal_RTT.o [1]
Terminal_Init            0x800'320d    0x20  Code  Gb  terminal.o [1]
Terminal_OS_Init         0x800'3b4d    0x4e  Code  Gb  terminal_os.o [1]
Terminal_OS_Task         0x800'3b49     0x4  Code  Lc  terminal_os.o [1]
Terminal_OS_Thread      0x2000'2dc4    0xb4  Data  Lc  terminal_os.o [1]
Terminal_OutFnct         0x800'333d     0xc  Code  Lc  terminal.o [1]
Terminal_Task            0x800'322d    0xf4  Code  Gb  terminal.o [1]
Terminal_VT100_EscStrLeft
                        0x2000'0010     0x4  Data  Lc  terminal_mode.o [1]
Terminal_VT100_EscStrRight
                        0x2000'0014     0x4  Data  Lc  terminal_mode.o [1]
Terminal_WrChar          0x800'3339     0x4  Code  Gb  terminal.o [1]
Terminal_WrStr           0x800'3335     0x4  Code  Gb  terminal.o [1]
UART1_DMAError           0x800'4ef7    0x48  Code  Gb  User_hal_uart.o [4]
UART1_DMATransmitCplt    0x800'4ee5    0x12  Code  Gb  User_hal_uart.o [4]
UART1_EndRxTransfer      0x800'4f3f    0x1c  Code  Lc  User_hal_uart.o [4]
UART1_ReceiveDMA_Callback
                         0x800'4f5b     0x2  Code  Wk  User_hal_uart.o [4]
UART_DMAAbortOnError     0x800'1c39     0xc  Code  Lc  stm32f1xx_hal_uart.o [3]
UART_EndRxTransfer       0x800'1c1d    0x1c  Code  Lc  stm32f1xx_hal_uart.o [3]
UART_Receive_IT          0x800'1c45    0x84  Code  Lc  stm32f1xx_hal_uart.o [3]
UART_SetConfig           0x800'1cc9    0x74  Code  Lc  stm32f1xx_hal_uart.o [3]
USART1_IRQHandler        0x800'56dd     0x6  Code  Gb  User_IRQ_handler.o [1]
USART2_IRQHandler        0x800'5543     0x6  Code  Gb  stm32f1xx_it_user.o [1]
USART3_IRQHandler        0x800'555d     0x2  Code  Gb  stm32f1xx_it_user.o [1]
UsageFault_Handler       0x800'5521     0x2  Code  Gb  stm32f1xx_it_user.o [1]
User_DMA_Abort_IT        0x800'4d7b    0x82  Code  Gb  User_hal_dma.o [4]
_DoInit                  0x800'2431    0x5c  Code  Lc  SEGGER_RTT.o [2]
_GetAvailWriteSpace      0x800'2565    0x1a  Code  Lc  SEGGER_RTT.o [2]
_PrintInt                0x800'1409    0xde  Code  Lc  SEGGER_RTT_printf.o [2]
_PrintUnsigned           0x800'1333    0xd0  Code  Lc  SEGGER_RTT_printf.o [2]
_PrintUnsigned::_aV2C    0x800'5760    0x10  Data  Lc  SEGGER_RTT_printf.o [2]
_SEGGER_RTT             0x2000'2f2c    0xa8  Data  Gb  SEGGER_RTT.o [2]
_StoreChar               0x800'12f1    0x42  Code  Lc  SEGGER_RTT_printf.o [2]
_WriteBlocking           0x800'248d    0x82  Code  Lc  SEGGER_RTT.o [2]
_WriteNoCheck            0x800'250f    0x56  Code  Lc  SEGGER_RTT.o [2]
__NVIC_SetPriority       0x800'0b59    0x1a  Code  Lc  dma.o [1]
__NVIC_SetPriority       0x800'069d    0x1a  Code  Lc  stm32f1xx_hal_cortex.o [3]
__aeabi_memclr4          0x800'1125          Code  Gb  ABImemclr4.o [7]
__aeabi_memcpy           0x800'3411          Code  Gb  ABImemcpy.o [7]
__aeabi_memcpy4          0x800'3431          Code  Gb  ABImemcpy.o [7]
__aeabi_memcpy8          0x800'3431          Code  Gb  ABImemcpy.o [7]
__aeabi_memset           0x800'27c5          Code  Gb  ABImemset.o [7]
__cmain                  0x800'56f1          Code  Gb  cmain.o [7]
__exit                   0x800'5725    0x14  Code  Gb  exit.o [8]
__iar_Memset             0x800'27c5          Code  Gb  ABImemset.o [7]
__iar_Memset4_word       0x800'23fd          Code  Gb  ABImemset48.o [7]
__iar_Memset8_word       0x800'23fd          Code  Gb  ABImemset48.o [7]
__iar_Memset_word        0x800'27cd          Code  Gb  ABImemset.o [7]
__iar_data_init3         0x800'5689    0x28  Code  Gb  data_init.o [7]
__iar_packbits_init_single3
                         0x800'5625    0x38  Code  Gb  packbits_init_single.o [7]
__iar_program_start      0x800'578d          Code  Gb  cstartup_M.o [7]
__iar_zero_init3         0x800'05df    0x3a  Code  Gb  zero_init3.o [7]
__low_level_init         0x800'570f     0x4  Code  Gb  low_level_init.o [6]
__tx_PendSVHandler       0x800'2371          Code  Gb  tx_thread_schedule.o [5]
__tx_SysTickHandler      0x800'21a7          Code  Gb  tx_initialize_low_level.o [5]
__tx_free_memory_start  0x2000'3254          Data  Gb  tx_initialize_low_level.o [5]
__vector_table           0x800'0000          Data  Gb  startup_stm32f103xb.o [1]
_acDownBuffer           0x2000'3244    0x10  Data  Lc  SEGGER_RTT.o [2]
_acUpBuffer             0x2000'24b4   0x400  Data  Lc  SEGGER_RTT.o [2]
_call_main               0x800'56fd          Code  Gb  cmain.o [7]
_exit                    0x800'5719          Code  Gb  cexit.o [7]
_main                    0x800'570b          Code  Gb  cmain.o [7]
_tx_block_pool_created_count
                        0x2000'32e8     0x4  Data  Gb  tx_block_pool_initialize.o [5]
_tx_block_pool_created_ptr
                        0x2000'32e4     0x4  Data  Gb  tx_block_pool_initialize.o [5]
_tx_block_pool_initialize
                         0x800'2b71    0x18  Code  Gb  tx_block_pool_initialize.o [5]
_tx_build_options       0x2000'329c     0x4  Data  Gb  tx_thread_initialize.o [5]
_tx_byte_allocate        0x800'3835    0xf4  Code  Gb  tx_byte_allocate.o [5]
_tx_byte_pool_cleanup    0x800'52f9    0x94  Code  Gb  tx_byte_pool_cleanup.o [5]
_tx_byte_pool_create     0x800'374d    0xe8  Code  Gb  tx_byte_pool_create.o [5]
_tx_byte_pool_created_count
                        0x2000'32e0     0x4  Data  Gb  tx_byte_pool_initialize.o [5]
_tx_byte_pool_created_ptr
                        0x2000'32dc     0x4  Data  Gb  tx_byte_pool_initialize.o [5]
_tx_byte_pool_initialize
                         0x800'2b89    0x18  Code  Gb  tx_byte_pool_initialize.o [5]
_tx_byte_pool_search     0x800'4241   0x18c  Code  Gb  tx_byte_pool_search.o [5]
_tx_event_flags_created_count
                        0x2000'32f0     0x4  Data  Gb  tx_event_flags_initialize.o [5]
_tx_event_flags_created_ptr
                        0x2000'32ec     0x4  Data  Gb  tx_event_flags_initialize.o [5]
_tx_event_flags_initialize
                         0x800'2b59    0x18  Code  Gb  tx_event_flags_initialize.o [5]
_tx_initialize_high_level
                         0x800'21d5    0x24  Code  Gb  tx_initialize_high_level.o [5]
_tx_initialize_kernel_enter
                         0x800'10dd    0x48  Code  Gb  tx_initialize_kernel_enter.o [5]
_tx_initialize_low_level
                         0x800'2161          Code  Gb  tx_initialize_low_level.o [5]
_tx_initialize_unused_memory
                        0x2000'3270     0x4  Data  Gb  tx_initialize_high_level.o [5]
_tx_misra_always_true    0x800'35ab          Code  Gb  tx_misra.o [5]
_tx_misra_byte_pool_to_uchar_pointer_convert
                         0x800'35b5          Code  Gb  tx_misra.o [5]
_tx_misra_const_char_to_char_pointer_convert
                         0x800'35c5          Code  Gb  tx_misra.o [5]
_tx_misra_ipsr_get       0x800'35c7          Code  Gb  tx_misra.o [5]
_tx_misra_memset         0x800'357d          Code  Gb  tx_misra.o [5]
_tx_misra_pointer_to_ulong_convert
                         0x800'359d          Code  Gb  tx_misra.o [5]
_tx_misra_status_get     0x800'35b9          Code  Gb  tx_misra.o [5]
_tx_misra_timer_indirect_to_void_pointer_convert
                         0x800'35c3          Code  Gb  tx_misra.o [5]
_tx_misra_timer_pointer_add
                         0x800'35a5          Code  Gb  tx_misra.o [5]
_tx_misra_timer_pointer_dif
                         0x800'359f          Code  Gb  tx_misra.o [5]
_tx_misra_uchar_pointer_add
                         0x800'358f          Code  Gb  tx_misra.o [5]
_tx_misra_uchar_pointer_dif
                         0x800'3599          Code  Gb  tx_misra.o [5]
_tx_misra_uchar_pointer_sub
                         0x800'3593          Code  Gb  tx_misra.o [5]
_tx_misra_uchar_to_align_type_pointer_convert
                         0x800'35b7          Code  Gb  tx_misra.o [5]
_tx_misra_uchar_to_indirect_uchar_pointer_convert
                         0x800'35af          Code  Gb  tx_misra.o [5]
_tx_misra_uchar_to_void_pointer_convert
                         0x800'35bf          Code  Gb  tx_misra.o [5]
_tx_misra_ulong_to_thread_pointer_convert
                         0x800'35c1          Code  Gb  tx_misra.o [5]
_tx_misra_void_to_byte_pool_pointer_convert
                         0x800'35b3          Code  Gb  tx_misra.o [5]
_tx_misra_void_to_semaphore_pointer_convert
                         0x800'35bd          Code  Gb  tx_misra.o [5]
_tx_misra_void_to_uchar_pointer_convert
                         0x800'35b1          Code  Gb  tx_misra.o [5]
_tx_mutex_created_count
                        0x2000'32f8     0x4  Data  Gb  tx_mutex_initialize.o [5]
_tx_mutex_created_ptr   0x2000'32f4     0x4  Data  Gb  tx_mutex_initialize.o [5]
_tx_mutex_initialize     0x800'2ba1    0x18  Code  Gb  tx_mutex_initialize.o [5]
_tx_queue_created_count
                        0x2000'3300     0x4  Data  Gb  tx_queue_initialize.o [5]
_tx_queue_created_ptr   0x2000'32fc     0x4  Data  Gb  tx_queue_initialize.o [5]
_tx_queue_initialize     0x800'2b41    0x18  Code  Gb  tx_queue_initialize.o [5]
_tx_semaphore_cleanup    0x800'538d    0x94  Code  Gb  tx_semaphore_cleanup.o [5]
_tx_semaphore_create     0x800'47a9    0x58  Code  Gb  tx_semaphore_create.o [5]
_tx_semaphore_created_count
                        0x2000'32d8     0x4  Data  Gb  tx_semaphore_initialize.o [5]
_tx_semaphore_created_ptr
                        0x2000'32d4     0x4  Data  Gb  tx_semaphore_initialize.o [5]
_tx_semaphore_delete     0x800'4885    0x98  Code  Gb  tx_semaphore_delete.o [5]
_tx_semaphore_get        0x800'49a9    0x9c  Code  Gb  tx_semaphore_get.o [5]
_tx_semaphore_initialize
                         0x800'2b29    0x18  Code  Gb  tx_semaphore_initialize.o [5]
_tx_semaphore_put        0x800'4a45    0x78  Code  Gb  tx_semaphore_put.o [5]
_tx_thread_create        0x800'35cd   0x148  Code  Gb  tx_thread_create.o [5]
_tx_thread_created_count
                        0x2000'3284     0x4  Data  Gb  tx_thread_initialize.o [5]
_tx_thread_created_ptr  0x2000'3280     0x4  Data  Gb  tx_thread_initialize.o [5]
_tx_thread_current_ptr  0x2000'3278     0x4  Data  Gb  tx_thread_initialize.o [5]
_tx_thread_execute_ptr  0x2000'327c     0x4  Data  Gb  tx_thread_initialize.o [5]
_tx_thread_highest_priority
                        0x2000'3290     0x4  Data  Gb  tx_thread_initialize.o [5]
_tx_thread_initialize    0x800'29b9    0x84  Code  Gb  tx_thread_initialize.o [5]
_tx_thread_interrupt_disable
                         0x800'3715          Code  Gb  tx_thread_interrupt_disable.o [5]
_tx_thread_interrupt_restore
                         0x800'371d          Code  Gb  tx_thread_interrupt_restore.o [5]
_tx_thread_mutex_release
                        0x2000'3298     0x4  Data  Gb  tx_thread_initialize.o [5]
_tx_thread_preempt_disable
                        0x2000'3294     0x4  Data  Gb  tx_thread_initialize.o [5]
_tx_thread_preempted_maps
                        0x2000'328c     0x4  Data  Gb  tx_thread_initialize.o [5]
_tx_thread_priority_list
                        0x2000'2fd4    0x80  Data  Gb  tx_thread_initialize.o [5]
_tx_thread_priority_maps
                        0x2000'3288     0x4  Data  Gb  tx_thread_initialize.o [5]
_tx_thread_schedule      0x800'2351          Code  Gb  tx_thread_schedule.o [5]
_tx_thread_shell_entry   0x800'54a5    0x74  Code  Gb  tx_thread_shell_entry.o [5]
_tx_thread_sleep         0x800'335d    0x9c  Code  Gb  tx_thread_sleep.o [5]
_tx_thread_stack_build   0x800'41dd          Code  Gb  tx_thread_stack_build.o [5]
_tx_thread_system_preempt_check
                         0x800'3725    0x28  Code  Gb  tx_thread_system_preempt_check.o [5]
_tx_thread_system_resume
                         0x800'40d5   0x108  Code  Gb  tx_thread_system_resume.o [5]
_tx_thread_system_return
                         0x800'4221          Code  Gb  tx_thread_system_return.o [5]
_tx_thread_system_stack_ptr
                        0x2000'3274     0x4  Data  Gb  tx_thread_initialize.o [5]
_tx_thread_system_state
                        0x2000'0028     0x4  Data  Gb  tx_thread_initialize.o [5]
_tx_thread_system_suspend
                         0x800'3e7d   0x258  Code  Gb  tx_thread_system_suspend.o [5]
_tx_thread_time_slice    0x800'3515    0x68  Code  Gb  tx_thread_time_slice.o [5]
_tx_thread_timeout       0x800'55a5    0x44  Code  Gb  tx_thread_timeout.o [5]
_tx_timer_activate       0x800'4975    0x32  Code  Gb  tx_timer_activate.o [5]
_tx_timer_create         0x800'4801    0x84  Code  Gb  tx_timer_create.o [5]
_tx_timer_created_count
                        0x2000'32bc     0x4  Data  Gb  tx_timer_initialize.o [5]
_tx_timer_created_ptr   0x2000'32b8     0x4  Data  Gb  tx_timer_initialize.o [5]
_tx_timer_current_ptr   0x2000'32b0     0x4  Data  Gb  tx_timer_initialize.o [5]
_tx_timer_deactivate     0x800'4abd   0x104  Code  Gb  tx_timer_deactivate.o [5]
_tx_timer_delete         0x800'491d    0x58  Code  Gb  tx_timer_delete.o [5]
_tx_timer_expiration_process
                         0x800'34f1    0x24  Code  Gb  tx_timer_expiration_process.o [5]
_tx_timer_expired       0x2000'32b4     0x4  Data  Gb  tx_timer_initialize.o [5]
_tx_timer_expired_time_slice
                        0x2000'32a4     0x4  Data  Gb  tx_timer_initialize.o [5]
_tx_timer_expired_timer_ptr
                        0x2000'32c0     0x4  Data  Gb  tx_timer_initialize.o [5]
_tx_timer_initialize     0x800'2a3d    0xec  Code  Gb  tx_timer_initialize.o [5]
_tx_timer_interrupt      0x800'28d1          Code  Gb  tx_timer_interrupt.o [5]
_tx_timer_list          0x2000'3054    0x80  Data  Gb  tx_timer_initialize.o [5]
_tx_timer_list_end      0x2000'32ac     0x4  Data  Gb  tx_timer_initialize.o [5]
_tx_timer_list_start    0x2000'32a8     0x4  Data  Gb  tx_timer_initialize.o [5]
_tx_timer_priority      0x2000'32cc     0x4  Data  Gb  tx_timer_initialize.o [5]
_tx_timer_stack_size    0x2000'32c8     0x4  Data  Gb  tx_timer_initialize.o [5]
_tx_timer_stack_start   0x2000'32c4     0x4  Data  Gb  tx_timer_initialize.o [5]
_tx_timer_system_activate
                         0x800'46fd    0x7c  Code  Gb  tx_timer_system_activate.o [5]
_tx_timer_system_clock  0x2000'32a0     0x4  Data  Gb  tx_timer_initialize.o [5]
_tx_timer_system_deactivate
                         0x800'4779    0x2e  Code  Gb  tx_timer_system_deactivate.o [5]
_tx_timer_thread        0x2000'2e78    0xb4  Data  Gb  tx_timer_initialize.o [5]
_tx_timer_thread_entry   0x800'51b5   0x144  Code  Gb  tx_timer_thread_entry.o [5]
_tx_timer_thread_stack_area
                        0x2000'28b4   0x400  Data  Gb  tx_timer_initialize.o [5]
_tx_timer_time_slice    0x2000'32d0     0x4  Data  Gb  tx_timer_initialize.o [5]
_txe_byte_allocate       0x800'2c91    0xc0  Code  Gb  txe_byte_allocate.o [5]
_txe_byte_pool_create    0x800'2bb9    0xd8  Code  Gb  txe_byte_pool_create.o [5]
_txe_semaphore_create    0x800'43cd    0xc4  Code  Gb  txe_semaphore_create.o [5]
_txe_semaphore_delete    0x800'457d    0x58  Code  Gb  txe_semaphore_delete.o [5]
_txe_semaphore_get       0x800'464d    0x60  Code  Gb  txe_semaphore_get.o [5]
_txe_semaphore_put       0x800'46ad    0x20  Code  Gb  txe_semaphore_put.o [5]
_txe_thread_create       0x800'2d51   0x168  Code  Gb  txe_thread_create.o [5]
_txe_timer_activate      0x800'462d    0x20  Code  Gb  txe_timer_activate.o [5]
_txe_timer_create        0x800'4491    0xec  Code  Gb  txe_timer_create.o [5]
_txe_timer_deactivate    0x800'46cd    0x20  Code  Gb  txe_timer_deactivate.o [5]
_txe_timer_delete        0x800'45d5    0x58  Code  Gb  txe_timer_delete.o [5]
byte_pool_0             0x2000'00e0    0x34  Data  Gb  tx_sample.o [1]
byte_pool_memory        0x2000'0114  0x23a0  Data  Gb  tx_sample.o [1]
exit                     0x800'5713     0x4  Code  Gb  exit.o [6]
hcrc                    0x2000'3264     0x8  Data  Gb  crc.o [1]
hdma_usart1_rx          0x2000'2cf8    0x44  Data  Gb  usart.o [1]
hdma_usart1_tx          0x2000'2cb4    0x44  Data  Gb  usart.o [1]
hdma_usart2_rx          0x2000'2d80    0x44  Data  Gb  usart.o [1]
hdma_usart2_tx          0x2000'2d3c    0x44  Data  Gb  usart.o [1]
hrtc                    0x2000'3230    0x14  Data  Gb  rtc.o [1]
htim4                   0x2000'3124    0x48  Data  Gb  stm32f1xx_hal_timebase_tim.o [1]
huart1                  0x2000'31b0    0x40  Data  Gb  usart.o [1]
huart2                  0x2000'31f0    0x40  Data  Gb  usart.o [1]
main                     0x800'09ad    0x2c  Code  Gb  main.o [1]
memset                   0x800'1731    0x14  Code  Gb  memset.o [7]
rdByte_sem              0x2000'30d4    0x20  Data  Lc  terminal_RTT.o [1]
rdData_timer            0x2000'30f4    0x2c  Data  Lc  terminal_RTT.o [1]
readCtr                 0x2000'3120     0x4  Data  Lc  terminal_RTT.o [1]
strcpy                   0x800'33f9          Code  Gb  strcpy.o [7]
strlen                   0x800'34b9          Code  Gb  strlen.o [7]
thread_0                0x2000'002c    0xb4  Data  Gb  tx_sample.o [1]
thread_0_counter        0x2000'326c     0x4  Data  Gb  tx_sample.o [1]
thread_0_entry           0x800'2269    0xac  Code  Gb  tx_sample.o [1]
timer_receive_data       0x800'3ae9    0x24  Code  Lc  terminal_RTT.o [1]
tx_application_define    0x800'21f9    0x6e  Code  Gb  tx_sample.o [1]
uwTick                  0x2000'001c     0x4  Data  Gb  stm32f1xx_hal.o [3]
uwTickFreq              0x2000'0018     0x1  Data  Gb  stm32f1xx_hal.o [3]
uwTickPrio              0x2000'0020     0x4  Data  Gb  stm32f1xx_hal.o [3]


[1] = E:\DiskE\ThreadX_RTOS\IAROutFile\uart
[2] = SEGGER_RTT.a
[3] = STM32Lib.a
[4] = STM32uart_DMA.a
[5] = ThreadX.a
[6] = dl7M_tlf.a
[7] = rt7M_tl.a
[8] = shb_l.a

  21'636 bytes of readonly  code memory
     973 bytes of readonly  data memory
  14'084 bytes of readwrite data memory

Errors: none
Warnings: none
