###############################################################################
#
# IAR ELF Linker V8.40.2.214/W32 for ARM                  18/Jan/2021  14:58:26
# Copyright 2007-2019 IAR Systems AB.
#
#    Output file  =
#        E:\DiskE\ThreadX_RTOS\ucshell\EWARM\STM32F1shellTEST\Exe\STM32F1shellTEST.out
#    Map file     =
#        E:\DiskE\ThreadX_RTOS\ucshell\EWARM\STM32F1shellTEST\List\STM32F1shellTEST.map
#    Command line =
#        -f C:\Users\Dell\AppData\Local\Temp\EW65DD.tmp
#        (E:\DiskE\ThreadX_RTOS\ucshell\EWARM\STM32F1shellTEST\Obj\crc.o
#        E:\DiskE\ThreadX_RTOS\ucshell\EWARM\STM32F1shellTEST\Obj\dma.o
#        E:\DiskE\ThreadX_RTOS\ucshell\EWARM\STM32F1shellTEST\Obj\gpio.o
#        E:\DiskE\ThreadX_RTOS\ucshell\EWARM\STM32F1shellTEST\Obj\lib_ascii.o
#        E:\DiskE\ThreadX_RTOS\ucshell\EWARM\STM32F1shellTEST\Obj\lib_math.o
#        E:\DiskE\ThreadX_RTOS\ucshell\EWARM\STM32F1shellTEST\Obj\lib_mem.o
#        E:\DiskE\ThreadX_RTOS\ucshell\EWARM\STM32F1shellTEST\Obj\lib_str.o
#        E:\DiskE\ThreadX_RTOS\ucshell\EWARM\STM32F1shellTEST\Obj\main.o
#        E:\DiskE\ThreadX_RTOS\ucshell\EWARM\STM32F1shellTEST\Obj\rtc.o
#        E:\DiskE\ThreadX_RTOS\ucshell\LibFile\SEGGER_RTT.a
#        E:\DiskE\ThreadX_RTOS\ucshell\EWARM\STM32F1shellTEST\Obj\sh_shell.o
#        E:\DiskE\ThreadX_RTOS\ucshell\EWARM\STM32F1shellTEST\Obj\shell.o
#        E:\DiskE\ThreadX_RTOS\ucshell\EWARM\STM32F1shellTEST\Obj\startup_stm32f103xb.o
#        E:\DiskE\ThreadX_RTOS\ucshell\EWARM\STM32F1shellTEST\Obj\stm32f1xx_hal.o
#        E:\DiskE\ThreadX_RTOS\ucshell\EWARM\STM32F1shellTEST\Obj\stm32f1xx_hal_cortex.o
#        E:\DiskE\ThreadX_RTOS\ucshell\EWARM\STM32F1shellTEST\Obj\stm32f1xx_hal_crc.o
#        E:\DiskE\ThreadX_RTOS\ucshell\EWARM\STM32F1shellTEST\Obj\stm32f1xx_hal_dma_user.o
#        E:\DiskE\ThreadX_RTOS\ucshell\EWARM\STM32F1shellTEST\Obj\stm32f1xx_hal_exti.o
#        E:\DiskE\ThreadX_RTOS\ucshell\EWARM\STM32F1shellTEST\Obj\stm32f1xx_hal_flash.o
#        E:\DiskE\ThreadX_RTOS\ucshell\EWARM\STM32F1shellTEST\Obj\stm32f1xx_hal_flash_ex.o
#        E:\DiskE\ThreadX_RTOS\ucshell\EWARM\STM32F1shellTEST\Obj\stm32f1xx_hal_gpio.o
#        E:\DiskE\ThreadX_RTOS\ucshell\EWARM\STM32F1shellTEST\Obj\stm32f1xx_hal_gpio_ex.o
#        E:\DiskE\ThreadX_RTOS\ucshell\EWARM\STM32F1shellTEST\Obj\stm32f1xx_hal_msp.o
#        E:\DiskE\ThreadX_RTOS\ucshell\EWARM\STM32F1shellTEST\Obj\stm32f1xx_hal_pwr.o
#        E:\DiskE\ThreadX_RTOS\ucshell\EWARM\STM32F1shellTEST\Obj\stm32f1xx_hal_rcc.o
#        E:\DiskE\ThreadX_RTOS\ucshell\EWARM\STM32F1shellTEST\Obj\stm32f1xx_hal_rcc_ex.o
#        E:\DiskE\ThreadX_RTOS\ucshell\EWARM\STM32F1shellTEST\Obj\stm32f1xx_hal_rtc.o
#        E:\DiskE\ThreadX_RTOS\ucshell\EWARM\STM32F1shellTEST\Obj\stm32f1xx_hal_rtc_ex.o
#        E:\DiskE\ThreadX_RTOS\ucshell\EWARM\STM32F1shellTEST\Obj\stm32f1xx_hal_tim.o
#        E:\DiskE\ThreadX_RTOS\ucshell\EWARM\STM32F1shellTEST\Obj\stm32f1xx_hal_tim_ex.o
#        E:\DiskE\ThreadX_RTOS\ucshell\EWARM\STM32F1shellTEST\Obj\stm32f1xx_hal_timebase_tim.o
#        E:\DiskE\ThreadX_RTOS\ucshell\EWARM\STM32F1shellTEST\Obj\stm32f1xx_hal_uart_user.o
#        E:\DiskE\ThreadX_RTOS\ucshell\EWARM\STM32F1shellTEST\Obj\stm32f1xx_it_user.o
#        E:\DiskE\ThreadX_RTOS\ucshell\EWARM\STM32F1shellTEST\Obj\stm32f1xx_ll_dma.o
#        E:\DiskE\ThreadX_RTOS\ucshell\EWARM\STM32F1shellTEST\Obj\stm32f1xx_ll_exti.o
#        E:\DiskE\ThreadX_RTOS\ucshell\EWARM\STM32F1shellTEST\Obj\stm32f1xx_ll_gpio.o
#        E:\DiskE\ThreadX_RTOS\ucshell\EWARM\STM32F1shellTEST\Obj\stm32f1xx_ll_rcc.o
#        E:\DiskE\ThreadX_RTOS\ucshell\EWARM\STM32F1shellTEST\Obj\stm32f1xx_ll_usart.o
#        E:\DiskE\ThreadX_RTOS\ucshell\EWARM\STM32F1shellTEST\Obj\stm32f1xx_ll_utils.o
#        E:\DiskE\ThreadX_RTOS\ucshell\LibFile\STM32uart_DMA.a
#        E:\DiskE\ThreadX_RTOS\ucshell\EWARM\STM32F1shellTEST\Obj\system_stm32f1xx.o
#        E:\DiskE\ThreadX_RTOS\ucshell\EWARM\STM32F1shellTEST\Obj\terminal.o
#        E:\DiskE\ThreadX_RTOS\ucshell\EWARM\STM32F1shellTEST\Obj\terminal_mode.o
#        E:\DiskE\ThreadX_RTOS\ucshell\EWARM\STM32F1shellTEST\Obj\terminal_os.o
#        E:\DiskE\ThreadX_RTOS\ucshell\EWARM\STM32F1shellTEST\Obj\terminal_serial.o
#        E:\DiskE\ThreadX_RTOS\ucshell\EWARM\STM32F1shellTEST\Obj\TestShellRTT.o
#        E:\DiskE\ThreadX_RTOS\ucshell\LibFile\ThreadX.a
#        E:\DiskE\ThreadX_RTOS\ucshell\EWARM\STM32F1shellTEST\Obj\usart.o
#        E:\DiskE\ThreadX_RTOS\ucshell\EWARM\STM32F1shellTEST\Obj\User_IRQ_handler.o
#        --no_out_extension -o
#        E:\DiskE\ThreadX_RTOS\ucshell\EWARM\STM32F1shellTEST\Exe\STM32F1shellTEST.out
#        --redirect _Printf=_PrintfFullNoMb --redirect _Scanf=_ScanfFullNoMb
#        --map
#        E:\DiskE\ThreadX_RTOS\ucshell\EWARM\STM32F1shellTEST\List\STM32F1shellTEST.map
#        --config E:\DiskE\ThreadX_RTOS\ucshell\EWARM/stm32f103xb_flash.icf
#        --semihosting --entry __iar_program_start --vfe --text_out locale)
#
###############################################################################

*******************************************************************************
*** RUNTIME MODEL ATTRIBUTES
***

CppFlavor       = *
__SystemLibrary = DLib
__dlib_version  = 6


*******************************************************************************
*** HEAP SELECTION
***

The basic heap was selected because no calls to memory allocation
functions were found in the application outside of system library
functions, and there are calls to deallocation functions in the
application.


*******************************************************************************
*** PLACEMENT SUMMARY
***

"A0":  place at address 0x800'0000 { ro section .intvec };
"P1":  place in [from 0x800'0000 to 0x801'ffff] { ro };
define block CSTACK with size = 1K, alignment = 8 { };
define block HEAP with size = 512, alignment = 8 { };
"P2":  place in [from 0x2000'0000 to 0x2000'4fff] {
          rw, block CSTACK, block HEAP };
initialize by copy { rw };

  Section            Kind         Address    Size  Object
  -------            ----         -------    ----  ------
"A0":                                        0xec
  .intvec            ro code   0x800'0000    0xec  startup_stm32f103xb.o [1]
                             - 0x800'00ec    0xec

"P1":                                      0x5479
  .text              ro code   0x800'00ec   0x4f2  stm32f1xx_hal_rcc.o [1]
  .text              ro code   0x800'05de    0x3a  zero_init3.o [6]
  .text              ro code   0x800'0618     0xc  stm32f1xx_hal.o [1]
  .text              ro code   0x800'0624    0x78  stm32f1xx_hal_timebase_tim.o [1]
  .text              ro code   0x800'069c    0x98  stm32f1xx_hal_cortex.o [1]
  .text              ro code   0x800'0734   0x272  stm32f1xx_hal_tim.o [1]
  .text              ro code   0x800'09a6     0x2  stm32f1xx_hal_tim.o [1]
  .text              ro code   0x800'09a8     0x2  stm32f1xx_hal_tim.o [1]
  .text              ro code   0x800'09ac    0xdc  main.o [1]
  .text              ro code   0x800'0a88     0x2  stm32f1xx_hal_tim_ex.o [1]
  .text              ro code   0x800'0a8a     0x2  stm32f1xx_hal_tim.o [1]
  .text              ro code   0x800'0a8c     0x2  stm32f1xx_hal_tim_ex.o [1]
  .text              ro code   0x800'0a8e     0x2  stm32f1xx_hal_tim.o [1]
  .text              ro code   0x800'0a90    0x24  stm32f1xx_hal.o [1]
  .text              ro code   0x800'0ab4    0xa4  gpio.o [1]
  .text              ro code   0x800'0b58    0xf8  dma.o [1]
  .text              ro code   0x800'0c50    0x74  rtc.o [1]
  .text              ro code   0x800'0cc4   0x3d0  usart.o [1]
  .text              ro code   0x800'1094    0x48  crc.o [1]
  .text              ro code   0x800'10dc    0x48  tx_initialize_kernel_enter.o [4]
  .text              ro code   0x800'1124     0x6  ABImemclr4.o [6]
  .text              ro code   0x800'112c   0x1b2  stm32f1xx_hal_rcc_ex.o [1]
  .text              ro code   0x800'12e0    0x10  stm32f1xx_hal.o [1]
  .text              ro code   0x800'12f0   0x3fc  SEGGER_RTT_printf.o [2]
  .text              ro code   0x800'16ec    0x44  stm32f1xx_hal_msp.o [1]
  .text              ro code   0x800'1730    0x14  memset.o [6]
  .text              ro code   0x800'1744   0x1b4  stm32f1xx_hal_gpio.o [1]
  .text              ro code   0x800'18f8   0x13e  stm32f1xx_hal_rtc.o [1]
  .text              ro code   0x800'1a38    0x10  stm32f1xx_hal_pwr.o [1]
  .text              ro code   0x800'1a48   0x320  stm32f1xx_hal_uart_user.o [1]
  .text              ro code   0x800'1d68    0xe8  stm32f1xx_ll_gpio.o [1]
  .text              ro code   0x800'1e50    0xac  stm32f1xx_ll_usart.o [1]
  .text              ro code   0x800'1efc   0x264  stm32f1xx_hal_dma_user.o [1]
  .text              ro code   0x800'2160    0x20  stm32f1xx_hal_crc.o [1]
  .text              ro code   0x800'2180    0x74  tx_initialize_low_level.o [4]
  .text              ro code   0x800'21f4    0x24  tx_initialize_high_level.o [4]
  .text              ro code   0x800'2218   0x158  TestShellRTT.o [1]
  .text              ro code   0x800'2370    0xac  tx_thread_schedule.o [4]
  .text              ro code   0x800'241c    0x32  ABImemset48.o [6]
  .text              ro code   0x800'2450   0x298  SEGGER_RTT.o [2]
  .text              ro code   0x800'26e8    0x66  ABImemset.o [6]
  .text              ro code   0x800'274e     0x2  stm32f1xx_hal_uart_user.o [1]
  .text              ro code   0x800'2750     0x2  stm32f1xx_hal_uart_user.o [1]
  .text              ro code   0x800'2752     0x2  stm32f1xx_hal_uart_user.o [1]
  .text              ro code   0x800'2754    0xa0  stm32f1xx_ll_rcc.o [1]
  .text              ro code   0x800'27f4    0xe8  tx_timer_interrupt.o [4]
  .text              ro code   0x800'28dc    0x84  tx_thread_initialize.o [4]
  .text              ro code   0x800'2960    0xec  tx_timer_initialize.o [4]
  .text              ro code   0x800'2a4c    0x18  tx_semaphore_initialize.o [4]
  .text              ro code   0x800'2a64    0x18  tx_queue_initialize.o [4]
  .text              ro code   0x800'2a7c    0x18  tx_event_flags_initialize.o [4]
  .text              ro code   0x800'2a94    0x18  tx_block_pool_initialize.o [4]
  .text              ro code   0x800'2aac    0x18  tx_byte_pool_initialize.o [4]
  .text              ro code   0x800'2ac4    0x18  tx_mutex_initialize.o [4]
  .text              ro code   0x800'2adc    0xd8  txe_byte_pool_create.o [4]
  .text              ro code   0x800'2bb4    0xc0  txe_byte_allocate.o [4]
  .text              ro code   0x800'2c74   0x168  txe_thread_create.o [4]
  .text              ro code   0x800'2ddc   0x21c  shell.o [1]
  .text              ro code   0x800'2ff8   0x138  sh_shell.o [1]
  .text              ro code   0x800'3130   0x150  terminal.o [1]
  .text              ro code   0x800'3280    0x9c  tx_thread_sleep.o [4]
  .text              ro code   0x800'331c    0x18  strcpy.o [6]
  .text              ro code   0x800'3334    0xa6  ABImemcpy.o [6]
  .text              ro code   0x800'33dc    0x36  strlen.o [6]
  .text              ro code   0x800'3414    0x24  tx_timer_expiration_process.o [4]
  .text              ro code   0x800'3438    0x68  tx_thread_time_slice.o [4]
  .text              ro code   0x800'34a0    0x50  tx_misra.o [4]
  .text              ro code   0x800'34f0   0x148  tx_thread_create.o [4]
  .text              ro code   0x800'3638     0x8  tx_thread_interrupt_disable.o [4]
  .text              ro code   0x800'3640     0x6  tx_thread_interrupt_restore.o [4]
  .text              ro code   0x800'3648    0x28  tx_thread_system_preempt_check.o [4]
  .text              ro code   0x800'3670    0xe8  tx_byte_pool_create.o [4]
  .text              ro code   0x800'3758    0xf4  tx_byte_allocate.o [4]
  .text              ro code   0x800'384c    0xf8  lib_str.o [1]
  .text              ro code   0x800'3944   0x13c  terminal_serial.o [1]
  .text              ro code   0x800'3a80    0x6c  terminal_os.o [1]
  .text              ro code   0x800'3aec    0x42  lib_mem.o [1]
  .text              ro code   0x800'3b30   0x284  terminal_mode.o [1]
  .text              ro code   0x800'3db4   0x258  tx_thread_system_suspend.o [4]
  .text              ro code   0x800'400c   0x108  tx_thread_system_resume.o [4]
  .text              ro code   0x800'4114    0x44  tx_thread_stack_build.o [4]
  .text              ro code   0x800'4158    0x20  tx_thread_system_return.o [4]
  .text              ro code   0x800'4178   0x18c  tx_byte_pool_search.o [4]
  .text              ro code   0x800'4304    0xc4  txe_semaphore_create.o [4]
  .text              ro code   0x800'43c8   0x210  User_hal_uart.o [3]
  .text              ro code   0x800'45d8    0x58  txe_semaphore_delete.o [4]
  .text              ro code   0x800'4630    0x60  txe_semaphore_get.o [4]
  .text              ro code   0x800'4690    0x20  txe_semaphore_put.o [4]
  .text              ro code   0x800'46b0    0x10  lib_ascii.o [1]
  .text              ro code   0x800'46c0    0x7c  tx_timer_system_activate.o [4]
  .text              ro code   0x800'473c    0x2e  tx_timer_system_deactivate.o [4]
  .text              ro code   0x800'476c    0x58  tx_semaphore_create.o [4]
  .text              ro code   0x800'47c4   0x32a  User_hal_dma.o [3]
  .text              ro code   0x800'4af0    0x98  tx_semaphore_delete.o [4]
  .text              ro code   0x800'4b88    0x9c  tx_semaphore_get.o [4]
  .text              ro code   0x800'4c24    0x78  tx_semaphore_put.o [4]
  .rodata            const     0x800'4c9c   0x258  TestShellRTT.o [1]
  .text              ro code   0x800'4ef4   0x144  tx_timer_thread_entry.o [4]
  .text              ro code   0x800'5038    0x94  tx_byte_pool_cleanup.o [4]
  .text              ro code   0x800'50cc    0x94  tx_semaphore_cleanup.o [4]
  .rodata            const     0x800'5160    0x84  sh_shell.o [1]
  .text              ro code   0x800'51e4    0x74  tx_thread_shell_entry.o [4]
  .text              ro code   0x800'5258    0x46  stm32f1xx_it_user.o [1]
  .text              ro code   0x800'52a0    0x3e  stm32f1xx_hal_rtc_ex.o [1]
  .text              ro code   0x800'52de     0x2  stm32f1xx_hal_rtc_ex.o [1]
  .text              ro code   0x800'52e0     0x2  stm32f1xx_hal_rtc_ex.o [1]
  .text              ro code   0x800'52e4    0x44  tx_thread_timeout.o [4]
  .rodata            const     0x800'5328    0x3c  main.o [1]
  .text              ro code   0x800'5364    0x38  packbits_init_single.o [6]
  .text              ro code   0x800'539c    0x28  data_init.o [6]
  .iar.init_table    const     0x800'53c4    0x20  - Linker created -
  .text              ro code   0x800'53e4    0x20  User_IRQ_handler.o [1]
  .text              ro code   0x800'5404    0x1e  cmain.o [6]
  .text              ro code   0x800'5422     0x4  low_level_init.o [5]
  .text              ro code   0x800'5426     0x4  exit.o [5]
  .text              ro code   0x800'542c     0xa  cexit.o [6]
  .text              ro code   0x800'5438    0x14  exit.o [7]
  .rodata            const     0x800'544c    0x14  tx_timer_initialize.o [4]
  .text              ro code   0x800'5460    0x14  system_stm32f1xx.o [1]
  .rodata            const     0x800'5474    0x10  SEGGER_RTT_printf.o [2]
  .text              ro code   0x800'5484    0x10  startup_stm32f103xb.o [1]
  .rodata            const     0x800'5494     0xc  SEGGER_RTT.o [2]
  .text              ro code   0x800'54a0     0xc  cstartup_M.o [6]
  .rodata            const     0x800'54ac     0x8  sh_shell.o [1]
  .rodata            const     0x800'54b4     0x8  system_stm32f1xx.o [1]
  .rodata            const     0x800'54bc     0x8  SEGGER_RTT.o [2]
  .text              ro code   0x800'54c4     0x4  startup_stm32f103xb.o [1]
  .text              ro code   0x800'54c8     0x4  startup_stm32f103xb.o [1]
  .text              ro code   0x800'54cc     0x4  startup_stm32f103xb.o [1]
  .text              ro code   0x800'54d0     0x4  startup_stm32f103xb.o [1]
  .text              ro code   0x800'54d4     0x4  startup_stm32f103xb.o [1]
  .text              ro code   0x800'54d8     0x4  startup_stm32f103xb.o [1]
  .text              ro code   0x800'54dc     0x4  startup_stm32f103xb.o [1]
  .text              ro code   0x800'54e0     0x4  startup_stm32f103xb.o [1]
  .text              ro code   0x800'54e4     0x4  startup_stm32f103xb.o [1]
  .text              ro code   0x800'54e8     0x4  startup_stm32f103xb.o [1]
  .text              ro code   0x800'54ec     0x4  startup_stm32f103xb.o [1]
  .text              ro code   0x800'54f0     0x4  startup_stm32f103xb.o [1]
  .text              ro code   0x800'54f4     0x4  startup_stm32f103xb.o [1]
  .text              ro code   0x800'54f8     0x4  startup_stm32f103xb.o [1]
  .text              ro code   0x800'54fc     0x4  startup_stm32f103xb.o [1]
  .text              ro code   0x800'5500     0x4  startup_stm32f103xb.o [1]
  .text              ro code   0x800'5504     0x4  startup_stm32f103xb.o [1]
  .text              ro code   0x800'5508     0x4  startup_stm32f103xb.o [1]
  .text              ro code   0x800'550c     0x4  startup_stm32f103xb.o [1]
  .text              ro code   0x800'5510     0x4  startup_stm32f103xb.o [1]
  .text              ro code   0x800'5514     0x4  startup_stm32f103xb.o [1]
  .text              ro code   0x800'5518     0x4  startup_stm32f103xb.o [1]
  .text              ro code   0x800'551c     0x4  startup_stm32f103xb.o [1]
  .text              ro code   0x800'5520     0x4  startup_stm32f103xb.o [1]
  .text              ro code   0x800'5524     0x4  startup_stm32f103xb.o [1]
  .text              ro code   0x800'5528     0x4  startup_stm32f103xb.o [1]
  .text              ro code   0x800'552c     0x4  startup_stm32f103xb.o [1]
  .text              ro code   0x800'5530     0x4  startup_stm32f103xb.o [1]
  .text              ro code   0x800'5534     0x4  startup_stm32f103xb.o [1]
  .text              ro code   0x800'5538     0x4  startup_stm32f103xb.o [1]
  .text              ro code   0x800'553c     0x4  startup_stm32f103xb.o [1]
  .text              ro code   0x800'5540     0x4  startup_stm32f103xb.o [1]
  .rodata            const     0x800'5544     0x0  zero_init3.o [6]
  .rodata            const     0x800'5544     0x0  packbits_init_single.o [6]
  Initializer bytes  const     0x800'5544    0x21  <for P2-1>
                             - 0x800'5565  0x5479

"P2", part 1 of 3:                           0x2c
  P2-1                        0x2000'0000    0x2c  <Init block>
    .data            inited   0x2000'0000    0x10  sh_shell.o [1]
    .data            inited   0x2000'0010     0xc  stm32f1xx_hal.o [1]
    .data            inited   0x2000'001c     0x4  system_stm32f1xx.o [1]
    .data            inited   0x2000'0020     0x8  terminal_mode.o [1]
    .data            inited   0x2000'0028     0x4  tx_thread_initialize.o [4]
                            - 0x2000'002c    0x2c

"P2", part 2 of 3:                         0x3330
  .bss               zero     0x2000'002c  0x2488  TestShellRTT.o [1]
  .bss               zero     0x2000'24b4   0x400  SEGGER_RTT.o [2]
  .bss               zero     0x2000'28b4   0x400  tx_timer_initialize.o [4]
  .bss               zero     0x2000'2cb4   0x110  usart.o [1]
  .bss               zero     0x2000'2dc4    0xb4  terminal_os.o [1]
  .bss               zero     0x2000'2e78    0xb4  tx_timer_initialize.o [4]
  .bss               zero     0x2000'2f2c    0xa8  terminal_serial.o [1]
  .bss               zero     0x2000'2fd4    0xa8  SEGGER_RTT.o [2]
  .bss               zero     0x2000'307c    0x80  tx_thread_initialize.o [4]
  .bss               zero     0x2000'30fc    0x80  tx_timer_initialize.o [4]
  .bss               zero     0x2000'317c    0x48  stm32f1xx_hal_timebase_tim.o [1]
  .bss               zero     0x2000'31c4    0x44  shell.o [1]
  .bss               zero     0x2000'3208    0x40  usart.o [1]
  .bss               zero     0x2000'3248    0x40  usart.o [1]
  .bss               zero     0x2000'3288    0x14  rtc.o [1]
  .bss               zero     0x2000'329c    0x10  SEGGER_RTT.o [2]
  FREE_MEM           zero     0x2000'32ac    0x10  tx_initialize_low_level.o [4]
  .bss               zero     0x2000'32bc     0x8  crc.o [1]
  .bss               zero     0x2000'32c4     0x4  TestShellRTT.o [1]
  .bss               zero     0x2000'32c8     0x4  tx_initialize_high_level.o [4]
  .bss               zero     0x2000'32cc     0x4  tx_thread_initialize.o [4]
  .bss               zero     0x2000'32d0     0x4  tx_thread_initialize.o [4]
  .bss               zero     0x2000'32d4     0x4  tx_thread_initialize.o [4]
  .bss               zero     0x2000'32d8     0x4  tx_thread_initialize.o [4]
  .bss               zero     0x2000'32dc     0x4  tx_thread_initialize.o [4]
  .bss               zero     0x2000'32e0     0x4  tx_thread_initialize.o [4]
  .bss               zero     0x2000'32e4     0x4  tx_thread_initialize.o [4]
  .bss               zero     0x2000'32e8     0x4  tx_thread_initialize.o [4]
  .bss               zero     0x2000'32ec     0x4  tx_thread_initialize.o [4]
  .bss               zero     0x2000'32f0     0x4  tx_thread_initialize.o [4]
  .bss               zero     0x2000'32f4     0x4  tx_thread_initialize.o [4]
  .bss               zero     0x2000'32f8     0x4  tx_timer_initialize.o [4]
  .bss               zero     0x2000'32fc     0x4  tx_timer_initialize.o [4]
  .bss               zero     0x2000'3300     0x4  tx_timer_initialize.o [4]
  .bss               zero     0x2000'3304     0x4  tx_timer_initialize.o [4]
  .bss               zero     0x2000'3308     0x4  tx_timer_initialize.o [4]
  .bss               zero     0x2000'330c     0x4  tx_timer_initialize.o [4]
  .bss               zero     0x2000'3310     0x4  tx_timer_initialize.o [4]
  .bss               zero     0x2000'3314     0x4  tx_timer_initialize.o [4]
  .bss               zero     0x2000'3318     0x4  tx_timer_initialize.o [4]
  .bss               zero     0x2000'331c     0x4  tx_timer_initialize.o [4]
  .bss               zero     0x2000'3320     0x4  tx_timer_initialize.o [4]
  .bss               zero     0x2000'3324     0x4  tx_timer_initialize.o [4]
  .bss               zero     0x2000'3328     0x4  tx_timer_initialize.o [4]
  .bss               zero     0x2000'332c     0x4  tx_semaphore_initialize.o [4]
  .bss               zero     0x2000'3330     0x4  tx_semaphore_initialize.o [4]
  .bss               zero     0x2000'3334     0x4  tx_byte_pool_initialize.o [4]
  .bss               zero     0x2000'3338     0x4  tx_byte_pool_initialize.o [4]
  .bss               zero     0x2000'333c     0x4  tx_block_pool_initialize.o [4]
  .bss               zero     0x2000'3340     0x4  tx_block_pool_initialize.o [4]
  .bss               zero     0x2000'3344     0x4  tx_event_flags_initialize.o [4]
  .bss               zero     0x2000'3348     0x4  tx_event_flags_initialize.o [4]
  .bss               zero     0x2000'334c     0x4  tx_mutex_initialize.o [4]
  .bss               zero     0x2000'3350     0x4  tx_mutex_initialize.o [4]
  .bss               zero     0x2000'3354     0x4  tx_queue_initialize.o [4]
  .bss               zero     0x2000'3358     0x4  tx_queue_initialize.o [4]
                            - 0x2000'335c  0x3330

"P2", part 3 of 3:                          0x400
  CSTACK                      0x2000'3360   0x400  <Block>
    CSTACK           uninit   0x2000'3360   0x400  <Block tail>
                            - 0x2000'3760   0x400

Unused ranges:

         From           To      Size
         ----           --      ----
   0x800'5565   0x801'ffff  0x1'aa9b
  0x2000'335c  0x2000'335f       0x4
  0x2000'3760  0x2000'4fff    0x18a0


*******************************************************************************
*** INIT TABLE
***

          Address      Size
          -------      ----
Zero (__iar_zero_init3)
    1 destination range, total size 0x3330:
          0x2000'002c  0x3330

Copy/packbits (__iar_packbits_init_single3)
    1 source range, total size 0x21 (75% of destination):
           0x800'5544    0x21
    1 destination range, total size 0x2c:
          0x2000'0000    0x2c



*******************************************************************************
*** MODULE SUMMARY
***

    Module                            ro code  ro data  rw data
    ------                            -------  -------  -------
command line/config:
    -----------------------------------------------------------
    Total:

E:\DiskE\ThreadX_RTOS\ucshell\EWARM\STM32F1shellTEST\Obj: [1]
    TestShellRTT.o                        344      600    9'356
    User_IRQ_handler.o                     32
    crc.o                                  72                 8
    dma.o                                 248
    gpio.o                                164
    lib_ascii.o                            16
    lib_mem.o                              66
    lib_str.o                             248
    main.o                                220       60
    rtc.o                                 116                20
    sh_shell.o                            312      152       16
    shell.o                               540                68
    startup_stm32f103xb.o                 380
    stm32f1xx_hal.o                        64        9       12
    stm32f1xx_hal_cortex.o                152
    stm32f1xx_hal_crc.o                    32
    stm32f1xx_hal_dma_user.o              612
    stm32f1xx_hal_gpio.o                  436
    stm32f1xx_hal_msp.o                    68
    stm32f1xx_hal_pwr.o                    16
    stm32f1xx_hal_rcc.o                 1'266
    stm32f1xx_hal_rcc_ex.o                434
    stm32f1xx_hal_rtc.o                   318
    stm32f1xx_hal_rtc_ex.o                 66
    stm32f1xx_hal_tim.o                   634
    stm32f1xx_hal_tim_ex.o                  4
    stm32f1xx_hal_timebase_tim.o          120                72
    stm32f1xx_hal_uart_user.o             806
    stm32f1xx_it_user.o                    70
    stm32f1xx_ll_gpio.o                   232
    stm32f1xx_ll_rcc.o                    160
    stm32f1xx_ll_usart.o                  172
    system_stm32f1xx.o                     20       11        4
    terminal.o                            336
    terminal_mode.o                       644        6        8
    terminal_os.o                         108               180
    terminal_serial.o                     316               168
    usart.o                               976               400
    -----------------------------------------------------------
    Total:                             10'820      838   10'312

SEGGER_RTT.a: [2]
    SEGGER_RTT.o                          664       20    1'208
    SEGGER_RTT_printf.o                 1'020       16
    -----------------------------------------------------------
    Total:                              1'684       36    1'208

STM32uart_DMA.a: [3]
    User_hal_dma.o                        810
    User_hal_uart.o                       528
    -----------------------------------------------------------
    Total:                              1'338

ThreadX.a: [4]
    tx_block_pool_initialize.o             24                 8
    tx_byte_allocate.o                    244
    tx_byte_pool_cleanup.o                148
    tx_byte_pool_create.o                 232
    tx_byte_pool_initialize.o              24                 8
    tx_byte_pool_search.o                 396
    tx_event_flags_initialize.o            24                 8
    tx_initialize_high_level.o             36                 4
    tx_initialize_kernel_enter.o           72
    tx_initialize_low_level.o             116                16
    tx_misra.o                             80
    tx_mutex_initialize.o                  24                 8
    tx_queue_initialize.o                  24                 8
    tx_semaphore_cleanup.o                148
    tx_semaphore_create.o                  88
    tx_semaphore_delete.o                 152
    tx_semaphore_get.o                    156
    tx_semaphore_initialize.o              24                 8
    tx_semaphore_put.o                    120
    tx_thread_create.o                    328
    tx_thread_initialize.o                132        3      176
    tx_thread_interrupt_disable.o           8
    tx_thread_interrupt_restore.o           6
    tx_thread_schedule.o                  172
    tx_thread_shell_entry.o               116
    tx_thread_sleep.o                     156
    tx_thread_stack_build.o                68
    tx_thread_system_preempt_check.o       40
    tx_thread_system_resume.o             264
    tx_thread_system_return.o              32
    tx_thread_system_suspend.o            600
    tx_thread_time_slice.o                104
    tx_thread_timeout.o                    68
    tx_timer_expiration_process.o          36
    tx_timer_initialize.o                 236       20    1'384
    tx_timer_interrupt.o                  232
    tx_timer_system_activate.o            124
    tx_timer_system_deactivate.o           46
    tx_timer_thread_entry.o               324
    txe_byte_allocate.o                   192
    txe_byte_pool_create.o                216
    txe_semaphore_create.o                196
    txe_semaphore_delete.o                 88
    txe_semaphore_get.o                    96
    txe_semaphore_put.o                    32
    txe_thread_create.o                   360
    -----------------------------------------------------------
    Total:                              6'404       23    1'628

dl7M_tlf.a: [5]
    exit.o                                  4
    low_level_init.o                        4
    -----------------------------------------------------------
    Total:                                  8

rt7M_tl.a: [6]
    ABImemclr4.o                            6
    ABImemcpy.o                           166
    ABImemset.o                           102
    ABImemset48.o                          50
    cexit.o                                10
    cmain.o                                30
    cstartup_M.o                           12
    data_init.o                            40
    memset.o                               20
    packbits_init_single.o                 56
    strcpy.o                               24
    strlen.o                               54
    zero_init3.o                           58
    -----------------------------------------------------------
    Total:                                628

shb_l.a: [7]
    exit.o                                 20
    -----------------------------------------------------------
    Total:                                 20

    Gaps                                   30
    Linker created                                  32    1'024
---------------------------------------------------------------
    Grand Total:                       20'932      929   14'172


*******************************************************************************
*** ENTRY LIST
***

Entry                       Address    Size  Type      Object
-----                       -------    ----  ----      ------
.iar.init_table$$Base    0x800'53c4           --   Gb  - Linker created -
.iar.init_table$$Limit   0x800'53e4           --   Gb  - Linker created -
?main                    0x800'5405          Code  Gb  cmain.o [6]
AHBPrescTable            0x800'5464    0x10  Data  Gb  system_stm32f1xx.o [1]
APBPrescTable            0x800'54b4     0x8  Data  Gb  system_stm32f1xx.o [1]
ASCII_IsPrint            0x800'46bb     0x6  Code  Gb  lib_ascii.o [1]
BusFault_Handler         0x800'525f     0x2  Code  Gb  stm32f1xx_it_user.o [1]
CHANNEL_OFFSET_TAB       0x800'108c     0x8  Data  Lc  usart.o [1]
CSTACK$$Base            0x2000'3360           --   Gb  - Linker created -
CSTACK$$Limit           0x2000'3760           --   Gb  - Linker created -
DMA1_Channel2_IRQHandler
                         0x800'526d     0x2  Code  Gb  stm32f1xx_it_user.o [1]
DMA1_Channel3_IRQHandler
                         0x800'526f     0x2  Code  Gb  stm32f1xx_it_user.o [1]
DMA1_Channel4_IRQHandler
                         0x800'53e5     0x6  Code  Gb  User_IRQ_handler.o [1]
DMA1_Channel5_IRQHandler
                         0x800'53eb     0x6  Code  Gb  User_IRQ_handler.o [1]
DMA1_Channel6_IRQHandler
                         0x800'5271     0x6  Code  Gb  stm32f1xx_it_user.o [1]
DMA1_Channel7_IRQHandler
                         0x800'5277     0x6  Code  Gb  stm32f1xx_it_user.o [1]
DMA_SetConfig            0x800'4acd    0x22  Code  Lc  User_hal_dma.o [3]
DebugMon_Handler         0x800'5265     0x2  Code  Gb  stm32f1xx_it_user.o [1]
Error_Handler            0x800'0a71     0xe  Code  Gb  main.o [1]
HAL_CRC_Init             0x800'2161    0x20  Code  Gb  stm32f1xx_hal_crc.o [1]
HAL_CRC_MspInit          0x800'10ad    0x22  Code  Gb  crc.o [1]
HAL_DMA_Abort_IT         0x800'1f57    0x94  Code  Gb  stm32f1xx_hal_dma_user.o [1]
HAL_DMA_IRQHandler       0x800'1ff7   0x144  Code  Gb  stm32f1xx_hal_dma_user.o [1]
HAL_DMA_Init             0x800'1efd    0x5a  Code  Gb  stm32f1xx_hal_dma_user.o [1]
HAL_DMA_Rx_IRQHandler    0x800'4873    0xfe  Code  Gb  User_hal_dma.o [3]
HAL_DMA_Rx_Start_IT      0x800'47fd    0x38  Code  Gb  User_hal_dma.o [3]
HAL_DMA_Tx_IRQHandler    0x800'4971    0xbc  Code  Gb  User_hal_dma.o [3]
HAL_DMA_Tx_Start_IT      0x800'47c5    0x38  Code  Gb  User_hal_dma.o [3]
HAL_GPIO_Init            0x800'1745   0x180  Code  Gb  stm32f1xx_hal_gpio.o [1]
HAL_GetTick              0x800'0619     0xc  Code  Wk  stm32f1xx_hal.o [1]
HAL_IncTick              0x800'12e1    0x10  Code  Wk  stm32f1xx_hal.o [1]
HAL_Init                 0x800'0a91    0x20  Code  Gb  stm32f1xx_hal.o [1]
HAL_InitTick             0x800'0625    0x68  Code  Gb  stm32f1xx_hal_timebase_tim.o [1]
HAL_MspInit              0x800'16ed    0x44  Code  Gb  stm32f1xx_hal_msp.o [1]
HAL_NVIC_EnableIRQ       0x800'070b    0x16  Code  Gb  stm32f1xx_hal_cortex.o [1]
HAL_NVIC_SetPriority     0x800'06d1    0x3a  Code  Gb  stm32f1xx_hal_cortex.o [1]
HAL_NVIC_SetPriorityGrouping
                         0x800'06b7    0x1a  Code  Gb  stm32f1xx_hal_cortex.o [1]
HAL_PWR_EnableBkUpAccess
                         0x800'1a39     0x4  Code  Gb  stm32f1xx_hal_pwr.o [1]
HAL_RCCEx_GetPeriphCLKFreq
                         0x800'1209    0xac  Code  Gb  stm32f1xx_hal_rcc_ex.o [1]
HAL_RCCEx_GetPeriphCLKFreq::aPLLMULFactorTable
                         0x800'12cc    0x10  Data  Lc  stm32f1xx_hal_rcc_ex.o [1]
HAL_RCCEx_GetPeriphCLKFreq::aPredivFactorTable
                         0x800'12dc     0x2  Data  Lc  stm32f1xx_hal_rcc_ex.o [1]
HAL_RCCEx_PeriphCLKConfig
                         0x800'112d    0xda  Code  Gb  stm32f1xx_hal_rcc_ex.o [1]
HAL_RCC_ClockConfig      0x800'0401    0xf4  Code  Gb  stm32f1xx_hal_rcc.o [1]
HAL_RCC_GetClockConfig   0x800'0567    0x36  Code  Gb  stm32f1xx_hal_rcc.o [1]
HAL_RCC_GetPCLK1Freq     0x800'0543    0x10  Code  Gb  stm32f1xx_hal_rcc.o [1]
HAL_RCC_GetPCLK2Freq     0x800'0553     0xe  Code  Gb  stm32f1xx_hal_rcc.o [1]
HAL_RCC_GetSysClockFreq
                         0x800'0509    0x3a  Code  Gb  stm32f1xx_hal_rcc.o [1]
HAL_RCC_GetSysClockFreq::aPLLMULFactorTable
                         0x800'05cc    0x10  Data  Lc  stm32f1xx_hal_rcc.o [1]
HAL_RCC_GetSysClockFreq::aPredivFactorTable
                         0x800'05dc     0x2  Data  Lc  stm32f1xx_hal_rcc.o [1]
HAL_RCC_OscConfig        0x800'00ed   0x30c  Code  Gb  stm32f1xx_hal_rcc.o [1]
HAL_RTCEx_RTCIRQHandler
                         0x800'52a1    0x3e  Code  Gb  stm32f1xx_hal_rtc_ex.o [1]
HAL_RTC_Init             0x800'18f9    0x98  Code  Gb  stm32f1xx_hal_rtc.o [1]
HAL_RTC_MspInit          0x800'0c75    0x3e  Code  Gb  rtc.o [1]
HAL_RTC_WaitForSynchro   0x800'1995    0x2e  Code  Gb  stm32f1xx_hal_rtc.o [1]
HAL_TIMEx_BreakCallback
                         0x800'0a89     0x2  Code  Wk  stm32f1xx_hal_tim_ex.o [1]
HAL_TIMEx_CommutCallback
                         0x800'0a8d     0x2  Code  Wk  stm32f1xx_hal_tim_ex.o [1]
HAL_TIM_Base_Init        0x800'0735    0x1a  Code  Gb  stm32f1xx_hal_tim.o [1]
HAL_TIM_Base_Start_IT    0x800'074f    0x5c  Code  Gb  stm32f1xx_hal_tim.o [1]
HAL_TIM_IRQHandler       0x800'07ed   0x142  Code  Gb  stm32f1xx_hal_tim.o [1]
HAL_TIM_PeriodElapsedCallback
                         0x800'0a63     0xe  Code  Gb  main.o [1]
HAL_UART1_IRQHandler     0x800'449b    0xb8  Code  Gb  User_hal_uart.o [3]
HAL_UART1_Receive_DMA    0x800'441d    0x7e  Code  Gb  User_hal_uart.o [3]
HAL_UART1_Transmit_DMA   0x800'43c9    0x54  Code  Gb  User_hal_uart.o [3]
HAL_UART_IRQHandler      0x800'1acb    0xec  Code  Gb  stm32f1xx_hal_uart_user.o [1]
HAL_UART_Init            0x800'1a49    0x1e  Code  Gb  stm32f1xx_hal_uart_user.o [1]
HAL_UART_MspInit         0x800'0ec1   0x150  Code  Gb  usart.o [1]
HardFault_Handler        0x800'525b     0x2  Code  Gb  stm32f1xx_it_user.o [1]
LL_DMA_SetChannelPriorityLevel
                         0x800'0d31     0xc  Code  Lc  usart.o [1]
LL_DMA_SetDataTransferDirection
                         0x800'0cc5    0x1c  Code  Lc  usart.o [1]
LL_DMA_SetMemoryIncMode
                         0x800'0cfd     0xc  Code  Lc  usart.o [1]
LL_DMA_SetMemorySize     0x800'0d25     0xc  Code  Lc  usart.o [1]
LL_DMA_SetMode           0x800'0ce1     0xc  Code  Lc  usart.o [1]
LL_DMA_SetPeriphIncMode
                         0x800'0ced     0xa  Code  Lc  usart.o [1]
LL_DMA_SetPeriphSize     0x800'0d09     0xc  Code  Lc  usart.o [1]
LL_GPIO_Init             0x800'1d69    0xd8  Code  Gb  stm32f1xx_ll_gpio.o [1]
LL_RCC_GetSystemClocksFreq
                         0x800'2755    0x20  Code  Gb  stm32f1xx_ll_rcc.o [1]
LL_USART_Init            0x800'1e51    0x98  Code  Gb  stm32f1xx_ll_usart.o [1]
MX_CRC_Init              0x800'1095    0x18  Code  Gb  crc.o [1]
MX_DMA_Init              0x800'0ba5    0x96  Code  Gb  dma.o [1]
MX_GPIO_Init             0x800'0ab5    0xa4  Code  Gb  gpio.o [1]
MX_RTC_Init              0x800'0c51    0x24  Code  Gb  rtc.o [1]
MX_USART1_UART_Init      0x800'0d3d    0x10  Code  Gb  usart.o [1]
MX_USART2_UART_Init      0x800'0d4d    0x10  Code  Gb  usart.o [1]
MX_USART3_UART_Init      0x800'0d81   0x130  Code  Gb  usart.o [1]
MemManage_Handler        0x800'525d     0x2  Code  Gb  stm32f1xx_it_user.o [1]
Mem_Set                  0x800'3aed    0x42  Code  Gb  lib_mem.o [1]
NMI_Handler              0x800'5259     0x2  Code  Gb  stm32f1xx_it_user.o [1]
NVIC_EncodePriority      0x800'0b73    0x32  Code  Lc  dma.o [1]
PendSV_Handler           0x800'2391          Code  Gb  tx_thread_schedule.o [4]
RCC_GetHCLKClockFreq     0x800'2789     0xc  Code  Gb  stm32f1xx_ll_rcc.o [1]
RCC_GetPCLK1ClockFreq    0x800'2795     0xa  Code  Gb  stm32f1xx_ll_rcc.o [1]
RCC_GetPCLK2ClockFreq    0x800'27a5     0xc  Code  Gb  stm32f1xx_ll_rcc.o [1]
RCC_GetSystemClockFreq   0x800'2775    0x14  Code  Gb  stm32f1xx_ll_rcc.o [1]
RCC_PLL_GetFreqDomain_SYS
                         0x800'27b1    0x2c  Code  Gb  stm32f1xx_ll_rcc.o [1]
RTC_EnterInitMode        0x800'19d3    0x2c  Code  Lc  stm32f1xx_hal_rtc.o [1]
RTC_ExitInitMode         0x800'1a09    0x2e  Code  Lc  stm32f1xx_hal_rtc.o [1]
RTC_IRQHandler           0x800'5267     0x6  Code  Gb  stm32f1xx_it_user.o [1]
Region$$Table$$Base      0x800'53c4           --   Gb  - Linker created -
Region$$Table$$Limit     0x800'53e4           --   Gb  - Linker created -
SEGGER_RTT_ConfigUpBuffer
                         0x800'2659    0x7c  Code  Gb  SEGGER_RTT.o [2]
SEGGER_RTT_Write         0x800'2611    0x30  Code  Gb  SEGGER_RTT.o [2]
SEGGER_RTT_WriteNoLock   0x800'25a5    0x6c  Code  Gb  SEGGER_RTT.o [2]
SEGGER_RTT_WriteString   0x800'2641    0x18  Code  Gb  SEGGER_RTT.o [2]
SEGGER_RTT_printf        0x800'16d9    0x14  Code  Gb  SEGGER_RTT_printf.o [2]
SEGGER_RTT_vprintf       0x800'14e7   0x1f2  Code  Gb  SEGGER_RTT_printf.o [2]
SVC_Handler              0x800'5263     0x2  Code  Gb  stm32f1xx_it_user.o [1]
ShShell_CmdTbl          0x2000'0000    0x10  Data  Lc  sh_shell.o [1]
ShShell_Init             0x800'2ff9    0x18  Code  Gb  sh_shell.o [1]
ShShell_help             0x800'3011    0xe0  Code  Lc  sh_shell.o [1]
Shell_CmdTblAdd          0x800'2f09    0x90  Code  Gb  shell.o [1]
Shell_Exec               0x800'2e0d    0xfc  Code  Gb  shell.o [1]
Shell_Init               0x800'2ddd    0x30  Code  Gb  shell.o [1]
Shell_ModuleCmdClr       0x800'2fdb    0x14  Code  Lc  shell.o [1]
Shell_ModuleCmdFreePoolPtr
                        0x2000'31c8     0x4  Data  Gb  shell.o [1]
Shell_ModuleCmdNameGet   0x800'2f99    0x42  Code  Lc  shell.o [1]
Shell_ModuleCmdTbl      0x2000'31cc    0x3c  Data  Gb  shell.o [1]
Shell_ModuleCmdUsedPoolPtr
                        0x2000'31c4     0x4  Data  Gb  shell.o [1]
Str_Cat                  0x800'3899     0x4  Code  Gb  lib_str.o [1]
Str_Cat_N                0x800'389d    0x36  Code  Gb  lib_str.o [1]
Str_Cmp                  0x800'38e1     0x4  Code  Gb  lib_str.o [1]
Str_Cmp_N                0x800'38e5    0x60  Code  Gb  lib_str.o [1]
Str_Copy                 0x800'3867     0x4  Code  Gb  lib_str.o [1]
Str_Copy_N               0x800'386b    0x2e  Code  Gb  lib_str.o [1]
Str_Len                  0x800'384d     0x4  Code  Gb  lib_str.o [1]
Str_Len_N                0x800'3851    0x16  Code  Gb  lib_str.o [1]
SysTick_Handler          0x800'21c7          Code  Gb  tx_initialize_low_level.o [4]
SystemClock_Config       0x800'09d9    0x8a  Code  Gb  main.o [1]
SystemCoreClock         0x2000'001c     0x4  Data  Gb  system_stm32f1xx.o [1]
SystemInit               0x800'5461     0x2  Code  Gb  system_stm32f1xx.o [1]
TIM4_IRQHandler          0x800'527d     0x6  Code  Gb  stm32f1xx_it_user.o [1]
TIM_Base_SetConfig       0x800'0935    0x5e  Code  Gb  stm32f1xx_hal_tim.o [1]
TerminalMode_Clr         0x800'3d57    0x2e  Code  Gb  terminal_mode.o [1]
TerminalMode_NewLine     0x800'3d85     0x8  Code  Gb  terminal_mode.o [1]
TerminalMode_Prompt      0x800'3da1     0xa  Code  Gb  terminal_mode.o [1]
TerminalMode_RdLine      0x800'3b31   0x220  Code  Gb  terminal_mode.o [1]
TerminalSerial_Exit      0x800'396d    0x14  Code  Gb  terminal_serial.o [1]
TerminalSerial_Init      0x800'3945    0x28  Code  Gb  terminal_serial.o [1]
TerminalSerial_RdByte    0x800'3999    0x30  Code  Gb  terminal_serial.o [1]
TerminalSerial_RdByte::c
                        0x2000'2f2d     0x1  Data  Lc  terminal_serial.o [1]
TerminalSerial_Wr        0x800'3981    0x18  Code  Gb  terminal_serial.o [1]
TerminalSerial_WrByte    0x800'39c9    0x16  Code  Gb  terminal_serial.o [1]
Terminal_Init            0x800'3131    0x20  Code  Gb  terminal.o [1]
Terminal_OS_Init         0x800'3a85    0x4e  Code  Gb  terminal_os.o [1]
Terminal_OS_Task         0x800'3a81     0x4  Code  Lc  terminal_os.o [1]
Terminal_OS_Thread      0x2000'2dc4    0xb4  Data  Lc  terminal_os.o [1]
Terminal_OutFnct         0x800'3261     0xc  Code  Lc  terminal.o [1]
Terminal_Task            0x800'3151    0xf4  Code  Gb  terminal.o [1]
Terminal_VT100_EscStrLeft
                        0x2000'0020     0x4  Data  Lc  terminal_mode.o [1]
Terminal_VT100_EscStrRight
                        0x2000'0024     0x4  Data  Lc  terminal_mode.o [1]
Terminal_WrChar          0x800'325d     0x4  Code  Gb  terminal.o [1]
Terminal_WrStr           0x800'3259     0x4  Code  Gb  terminal.o [1]
UART1_DMAError           0x800'4575    0x48  Code  Gb  User_hal_uart.o [3]
UART1_DMATransmitCplt    0x800'4563    0x12  Code  Gb  User_hal_uart.o [3]
UART1_EndRxTransfer      0x800'45bd    0x1c  Code  Lc  User_hal_uart.o [3]
UART1_ReceiveDMA_Callback
                         0x800'39df    0x74  Code  Gb  terminal_serial.o [1]
UART1_ReceiveDMA_Callback::old_pos
                        0x2000'2f70     0x4  Data  Lc  terminal_serial.o [1]
UART_DMAAbortOnError     0x800'1be5     0xc  Code  Lc  stm32f1xx_hal_uart_user.o [1]
UART_EndRxTransfer       0x800'1bc7    0x1c  Code  Lc  stm32f1xx_hal_uart_user.o [1]
UART_EndTransmit_IT      0x800'1c4d    0x1a  Code  Lc  stm32f1xx_hal_uart_user.o [1]
UART_Receive_IT          0x800'1c67    0x84  Code  Lc  stm32f1xx_hal_uart_user.o [1]
UART_SetConfig           0x800'1ceb    0x74  Code  Lc  stm32f1xx_hal_uart_user.o [1]
UART_Transmit_IT         0x800'1bf1    0x5c  Code  Lc  stm32f1xx_hal_uart_user.o [1]
USART1_IRQHandler        0x800'53f1     0x6  Code  Gb  User_IRQ_handler.o [1]
USART2_IRQHandler        0x800'5283     0x6  Code  Gb  stm32f1xx_it_user.o [1]
USART3_IRQHandler        0x800'529d     0x2  Code  Gb  stm32f1xx_it_user.o [1]
UsageFault_Handler       0x800'5261     0x2  Code  Gb  stm32f1xx_it_user.o [1]
User_DMA_Abort_IT        0x800'4a2d    0x82  Code  Gb  User_hal_dma.o [3]
_DoInit                  0x800'2451    0x5c  Code  Lc  SEGGER_RTT.o [2]
_GetAvailWriteSpace      0x800'2585    0x1a  Code  Lc  SEGGER_RTT.o [2]
_PrintInt                0x800'1409    0xde  Code  Lc  SEGGER_RTT_printf.o [2]
_PrintUnsigned           0x800'1333    0xd0  Code  Lc  SEGGER_RTT_printf.o [2]
_PrintUnsigned::_aV2C    0x800'5474    0x10  Data  Lc  SEGGER_RTT_printf.o [2]
_SEGGER_RTT             0x2000'2fd4    0xa8  Data  Gb  SEGGER_RTT.o [2]
_StoreChar               0x800'12f1    0x42  Code  Lc  SEGGER_RTT_printf.o [2]
_WriteBlocking           0x800'24ad    0x82  Code  Lc  SEGGER_RTT.o [2]
_WriteNoCheck            0x800'252f    0x56  Code  Lc  SEGGER_RTT.o [2]
__NVIC_SetPriority       0x800'0b59    0x1a  Code  Lc  dma.o [1]
__NVIC_SetPriority       0x800'069d    0x1a  Code  Lc  stm32f1xx_hal_cortex.o [1]
__aeabi_memclr4          0x800'1125          Code  Gb  ABImemclr4.o [6]
__aeabi_memcpy           0x800'3335          Code  Gb  ABImemcpy.o [6]
__aeabi_memcpy4          0x800'3355          Code  Gb  ABImemcpy.o [6]
__aeabi_memcpy8          0x800'3355          Code  Gb  ABImemcpy.o [6]
__aeabi_memset           0x800'26e9          Code  Gb  ABImemset.o [6]
__cmain                  0x800'5405          Code  Gb  cmain.o [6]
__exit                   0x800'5439    0x14  Code  Gb  exit.o [7]
__iar_Memset             0x800'26e9          Code  Gb  ABImemset.o [6]
__iar_Memset4_word       0x800'241d          Code  Gb  ABImemset48.o [6]
__iar_Memset8_word       0x800'241d          Code  Gb  ABImemset48.o [6]
__iar_Memset_word        0x800'26f1          Code  Gb  ABImemset.o [6]
__iar_data_init3         0x800'539d    0x28  Code  Gb  data_init.o [6]
__iar_packbits_init_single3
                         0x800'5365    0x38  Code  Gb  packbits_init_single.o [6]
__iar_program_start      0x800'54a1          Code  Gb  cstartup_M.o [6]
__iar_zero_init3         0x800'05df    0x3a  Code  Gb  zero_init3.o [6]
__low_level_init         0x800'5423     0x4  Code  Gb  low_level_init.o [5]
__tx_PendSVHandler       0x800'2391          Code  Gb  tx_thread_schedule.o [4]
__tx_SysTickHandler      0x800'21c7          Code  Gb  tx_initialize_low_level.o [4]
__tx_free_memory_start  0x2000'32ac          Data  Gb  tx_initialize_low_level.o [4]
__vector_table           0x800'0000          Data  Gb  startup_stm32f103xb.o [1]
_acDownBuffer           0x2000'329c    0x10  Data  Lc  SEGGER_RTT.o [2]
_acUpBuffer             0x2000'24b4   0x400  Data  Lc  SEGGER_RTT.o [2]
_call_main               0x800'5411          Code  Gb  cmain.o [6]
_exit                    0x800'542d          Code  Gb  cexit.o [6]
_main                    0x800'541f          Code  Gb  cmain.o [6]
_tx_block_pool_created_count
                        0x2000'3340     0x4  Data  Gb  tx_block_pool_initialize.o [4]
_tx_block_pool_created_ptr
                        0x2000'333c     0x4  Data  Gb  tx_block_pool_initialize.o [4]
_tx_block_pool_initialize
                         0x800'2a95    0x18  Code  Gb  tx_block_pool_initialize.o [4]
_tx_build_options       0x2000'32f4     0x4  Data  Gb  tx_thread_initialize.o [4]
_tx_byte_allocate        0x800'3759    0xf4  Code  Gb  tx_byte_allocate.o [4]
_tx_byte_pool_cleanup    0x800'5039    0x94  Code  Gb  tx_byte_pool_cleanup.o [4]
_tx_byte_pool_create     0x800'3671    0xe8  Code  Gb  tx_byte_pool_create.o [4]
_tx_byte_pool_created_count
                        0x2000'3338     0x4  Data  Gb  tx_byte_pool_initialize.o [4]
_tx_byte_pool_created_ptr
                        0x2000'3334     0x4  Data  Gb  tx_byte_pool_initialize.o [4]
_tx_byte_pool_initialize
                         0x800'2aad    0x18  Code  Gb  tx_byte_pool_initialize.o [4]
_tx_byte_pool_search     0x800'4179   0x18c  Code  Gb  tx_byte_pool_search.o [4]
_tx_event_flags_created_count
                        0x2000'3348     0x4  Data  Gb  tx_event_flags_initialize.o [4]
_tx_event_flags_created_ptr
                        0x2000'3344     0x4  Data  Gb  tx_event_flags_initialize.o [4]
_tx_event_flags_initialize
                         0x800'2a7d    0x18  Code  Gb  tx_event_flags_initialize.o [4]
_tx_initialize_high_level
                         0x800'21f5    0x24  Code  Gb  tx_initialize_high_level.o [4]
_tx_initialize_kernel_enter
                         0x800'10dd    0x48  Code  Gb  tx_initialize_kernel_enter.o [4]
_tx_initialize_low_level
                         0x800'2181          Code  Gb  tx_initialize_low_level.o [4]
_tx_initialize_unused_memory
                        0x2000'32c8     0x4  Data  Gb  tx_initialize_high_level.o [4]
_tx_misra_always_true    0x800'34cf          Code  Gb  tx_misra.o [4]
_tx_misra_byte_pool_to_uchar_pointer_convert
                         0x800'34d9          Code  Gb  tx_misra.o [4]
_tx_misra_const_char_to_char_pointer_convert
                         0x800'34e9          Code  Gb  tx_misra.o [4]
_tx_misra_ipsr_get       0x800'34eb          Code  Gb  tx_misra.o [4]
_tx_misra_memset         0x800'34a1          Code  Gb  tx_misra.o [4]
_tx_misra_pointer_to_ulong_convert
                         0x800'34c1          Code  Gb  tx_misra.o [4]
_tx_misra_status_get     0x800'34dd          Code  Gb  tx_misra.o [4]
_tx_misra_timer_indirect_to_void_pointer_convert
                         0x800'34e7          Code  Gb  tx_misra.o [4]
_tx_misra_timer_pointer_add
                         0x800'34c9          Code  Gb  tx_misra.o [4]
_tx_misra_timer_pointer_dif
                         0x800'34c3          Code  Gb  tx_misra.o [4]
_tx_misra_uchar_pointer_add
                         0x800'34b3          Code  Gb  tx_misra.o [4]
_tx_misra_uchar_pointer_dif
                         0x800'34bd          Code  Gb  tx_misra.o [4]
_tx_misra_uchar_pointer_sub
                         0x800'34b7          Code  Gb  tx_misra.o [4]
_tx_misra_uchar_to_align_type_pointer_convert
                         0x800'34db          Code  Gb  tx_misra.o [4]
_tx_misra_uchar_to_indirect_uchar_pointer_convert
                         0x800'34d3          Code  Gb  tx_misra.o [4]
_tx_misra_uchar_to_void_pointer_convert
                         0x800'34e3          Code  Gb  tx_misra.o [4]
_tx_misra_ulong_to_thread_pointer_convert
                         0x800'34e5          Code  Gb  tx_misra.o [4]
_tx_misra_void_to_byte_pool_pointer_convert
                         0x800'34d7          Code  Gb  tx_misra.o [4]
_tx_misra_void_to_semaphore_pointer_convert
                         0x800'34e1          Code  Gb  tx_misra.o [4]
_tx_misra_void_to_uchar_pointer_convert
                         0x800'34d5          Code  Gb  tx_misra.o [4]
_tx_mutex_created_count
                        0x2000'3350     0x4  Data  Gb  tx_mutex_initialize.o [4]
_tx_mutex_created_ptr   0x2000'334c     0x4  Data  Gb  tx_mutex_initialize.o [4]
_tx_mutex_initialize     0x800'2ac5    0x18  Code  Gb  tx_mutex_initialize.o [4]
_tx_queue_created_count
                        0x2000'3358     0x4  Data  Gb  tx_queue_initialize.o [4]
_tx_queue_created_ptr   0x2000'3354     0x4  Data  Gb  tx_queue_initialize.o [4]
_tx_queue_initialize     0x800'2a65    0x18  Code  Gb  tx_queue_initialize.o [4]
_tx_semaphore_cleanup    0x800'50cd    0x94  Code  Gb  tx_semaphore_cleanup.o [4]
_tx_semaphore_create     0x800'476d    0x58  Code  Gb  tx_semaphore_create.o [4]
_tx_semaphore_created_count
                        0x2000'3330     0x4  Data  Gb  tx_semaphore_initialize.o [4]
_tx_semaphore_created_ptr
                        0x2000'332c     0x4  Data  Gb  tx_semaphore_initialize.o [4]
_tx_semaphore_delete     0x800'4af1    0x98  Code  Gb  tx_semaphore_delete.o [4]
_tx_semaphore_get        0x800'4b89    0x9c  Code  Gb  tx_semaphore_get.o [4]
_tx_semaphore_initialize
                         0x800'2a4d    0x18  Code  Gb  tx_semaphore_initialize.o [4]
_tx_semaphore_put        0x800'4c25    0x78  Code  Gb  tx_semaphore_put.o [4]
_tx_thread_create        0x800'34f1   0x148  Code  Gb  tx_thread_create.o [4]
_tx_thread_created_count
                        0x2000'32dc     0x4  Data  Gb  tx_thread_initialize.o [4]
_tx_thread_created_ptr  0x2000'32d8     0x4  Data  Gb  tx_thread_initialize.o [4]
_tx_thread_current_ptr  0x2000'32d0     0x4  Data  Gb  tx_thread_initialize.o [4]
_tx_thread_execute_ptr  0x2000'32d4     0x4  Data  Gb  tx_thread_initialize.o [4]
_tx_thread_highest_priority
                        0x2000'32e8     0x4  Data  Gb  tx_thread_initialize.o [4]
_tx_thread_initialize    0x800'28dd    0x84  Code  Gb  tx_thread_initialize.o [4]
_tx_thread_interrupt_disable
                         0x800'3639          Code  Gb  tx_thread_interrupt_disable.o [4]
_tx_thread_interrupt_restore
                         0x800'3641          Code  Gb  tx_thread_interrupt_restore.o [4]
_tx_thread_mutex_release
                        0x2000'32f0     0x4  Data  Gb  tx_thread_initialize.o [4]
_tx_thread_preempt_disable
                        0x2000'32ec     0x4  Data  Gb  tx_thread_initialize.o [4]
_tx_thread_preempted_maps
                        0x2000'32e4     0x4  Data  Gb  tx_thread_initialize.o [4]
_tx_thread_priority_list
                        0x2000'307c    0x80  Data  Gb  tx_thread_initialize.o [4]
_tx_thread_priority_maps
                        0x2000'32e0     0x4  Data  Gb  tx_thread_initialize.o [4]
_tx_thread_schedule      0x800'2371          Code  Gb  tx_thread_schedule.o [4]
_tx_thread_shell_entry   0x800'51e5    0x74  Code  Gb  tx_thread_shell_entry.o [4]
_tx_thread_sleep         0x800'3281    0x9c  Code  Gb  tx_thread_sleep.o [4]
_tx_thread_stack_build   0x800'4115          Code  Gb  tx_thread_stack_build.o [4]
_tx_thread_system_preempt_check
                         0x800'3649    0x28  Code  Gb  tx_thread_system_preempt_check.o [4]
_tx_thread_system_resume
                         0x800'400d   0x108  Code  Gb  tx_thread_system_resume.o [4]
_tx_thread_system_return
                         0x800'4159          Code  Gb  tx_thread_system_return.o [4]
_tx_thread_system_stack_ptr
                        0x2000'32cc     0x4  Data  Gb  tx_thread_initialize.o [4]
_tx_thread_system_state
                        0x2000'0028     0x4  Data  Gb  tx_thread_initialize.o [4]
_tx_thread_system_suspend
                         0x800'3db5   0x258  Code  Gb  tx_thread_system_suspend.o [4]
_tx_thread_time_slice    0x800'3439    0x68  Code  Gb  tx_thread_time_slice.o [4]
_tx_thread_timeout       0x800'52e5    0x44  Code  Gb  tx_thread_timeout.o [4]
_tx_timer_created_count
                        0x2000'3314     0x4  Data  Gb  tx_timer_initialize.o [4]
_tx_timer_created_ptr   0x2000'3310     0x4  Data  Gb  tx_timer_initialize.o [4]
_tx_timer_current_ptr   0x2000'3308     0x4  Data  Gb  tx_timer_initialize.o [4]
_tx_timer_expiration_process
                         0x800'3415    0x24  Code  Gb  tx_timer_expiration_process.o [4]
_tx_timer_expired       0x2000'330c     0x4  Data  Gb  tx_timer_initialize.o [4]
_tx_timer_expired_time_slice
                        0x2000'32fc     0x4  Data  Gb  tx_timer_initialize.o [4]
_tx_timer_expired_timer_ptr
                        0x2000'3318     0x4  Data  Gb  tx_timer_initialize.o [4]
_tx_timer_initialize     0x800'2961    0xec  Code  Gb  tx_timer_initialize.o [4]
_tx_timer_interrupt      0x800'27f5          Code  Gb  tx_timer_interrupt.o [4]
_tx_timer_list          0x2000'30fc    0x80  Data  Gb  tx_timer_initialize.o [4]
_tx_timer_list_end      0x2000'3304     0x4  Data  Gb  tx_timer_initialize.o [4]
_tx_timer_list_start    0x2000'3300     0x4  Data  Gb  tx_timer_initialize.o [4]
_tx_timer_priority      0x2000'3324     0x4  Data  Gb  tx_timer_initialize.o [4]
_tx_timer_stack_size    0x2000'3320     0x4  Data  Gb  tx_timer_initialize.o [4]
_tx_timer_stack_start   0x2000'331c     0x4  Data  Gb  tx_timer_initialize.o [4]
_tx_timer_system_activate
                         0x800'46c1    0x7c  Code  Gb  tx_timer_system_activate.o [4]
_tx_timer_system_clock  0x2000'32f8     0x4  Data  Gb  tx_timer_initialize.o [4]
_tx_timer_system_deactivate
                         0x800'473d    0x2e  Code  Gb  tx_timer_system_deactivate.o [4]
_tx_timer_thread        0x2000'2e78    0xb4  Data  Gb  tx_timer_initialize.o [4]
_tx_timer_thread_entry   0x800'4ef5   0x144  Code  Gb  tx_timer_thread_entry.o [4]
_tx_timer_thread_stack_area
                        0x2000'28b4   0x400  Data  Gb  tx_timer_initialize.o [4]
_tx_timer_time_slice    0x2000'3328     0x4  Data  Gb  tx_timer_initialize.o [4]
_txe_byte_allocate       0x800'2bb5    0xc0  Code  Gb  txe_byte_allocate.o [4]
_txe_byte_pool_create    0x800'2add    0xd8  Code  Gb  txe_byte_pool_create.o [4]
_txe_semaphore_create    0x800'4305    0xc4  Code  Gb  txe_semaphore_create.o [4]
_txe_semaphore_delete    0x800'45d9    0x58  Code  Gb  txe_semaphore_delete.o [4]
_txe_semaphore_get       0x800'4631    0x60  Code  Gb  txe_semaphore_get.o [4]
_txe_semaphore_put       0x800'4691    0x20  Code  Gb  txe_semaphore_put.o [4]
_txe_thread_create       0x800'2c75   0x168  Code  Gb  txe_thread_create.o [4]
byte_pool_0             0x2000'00e0    0x34  Data  Gb  TestShellRTT.o [1]
byte_pool_memory        0x2000'0114  0x23a0  Data  Gb  TestShellRTT.o [1]
exit                     0x800'5427     0x4  Code  Gb  exit.o [5]
hcrc                    0x2000'32bc     0x8  Data  Gb  crc.o [1]
hdma_usart1_rx          0x2000'2cf8    0x44  Data  Gb  usart.o [1]
hdma_usart1_tx          0x2000'2cb4    0x44  Data  Gb  usart.o [1]
hdma_usart2_rx          0x2000'2d80    0x44  Data  Gb  usart.o [1]
hdma_usart2_tx          0x2000'2d3c    0x44  Data  Gb  usart.o [1]
hrtc                    0x2000'3288    0x14  Data  Gb  rtc.o [1]
htim4                   0x2000'317c    0x48  Data  Gb  stm32f1xx_hal_timebase_tim.o [1]
huart1                  0x2000'3208    0x40  Data  Gb  usart.o [1]
huart2                  0x2000'3248    0x40  Data  Gb  usart.o [1]
main                     0x800'09ad    0x2c  Code  Gb  main.o [1]
memset                   0x800'1731    0x14  Code  Gb  memset.o [6]
rdByte_sem              0x2000'2fb4    0x20  Data  Lc  terminal_serial.o [1]
read_buffer             0x2000'2f30    0x40  Data  Lc  terminal_serial.o [1]
rx_DMA_buffer           0x2000'2f74    0x40  Data  Lc  terminal_serial.o [1]
strcpy                   0x800'331d          Code  Gb  strcpy.o [6]
strlen                   0x800'33dd          Code  Gb  strlen.o [6]
thread_0                0x2000'002c    0xb4  Data  Gb  TestShellRTT.o [1]
thread_0_counter        0x2000'32c4     0x4  Data  Gb  TestShellRTT.o [1]
thread_0_entry           0x800'2289    0xac  Code  Gb  TestShellRTT.o [1]
tx_application_define    0x800'2219    0x6e  Code  Gb  TestShellRTT.o [1]
tx_len                  0x2000'2f2c     0x1  Data  Lc  terminal_serial.o [1]
uwTick                  0x2000'0014     0x4  Data  Gb  stm32f1xx_hal.o [1]
uwTickFreq              0x2000'0010     0x1  Data  Gb  stm32f1xx_hal.o [1]
uwTickPrio              0x2000'0018     0x4  Data  Gb  stm32f1xx_hal.o [1]


[1] = E:\DiskE\ThreadX_RTOS\ucshell\EWARM\STM32F1shellTEST\Obj
[2] = SEGGER_RTT.a
[3] = STM32uart_DMA.a
[4] = ThreadX.a
[5] = dl7M_tlf.a
[6] = rt7M_tl.a
[7] = shb_l.a

  20'932 bytes of readonly  code memory
     929 bytes of readonly  data memory
  14'172 bytes of readwrite data memory

Errors: none
Warnings: none
